May 13 14:58:56 sec rsyslogd:  [origin software="rsyslogd" swVersion="8.34.0" x-pid="635" x-info="http://www.rsyslog.com"] rsyslogd was HUPed
May 13 15:00:00 sec gnome-software[1490]: no app for changed workspace-indicator@gnome-shell-extensions.gcampax.github.com
May 13 15:00:00 sec gnome-software[1490]: no app for changed user-theme@gnome-shell-extensions.gcampax.github.com
May 13 15:00:00 sec gnome-software[1490]: no app for changed places-menu@gnome-shell-extensions.gcampax.github.com
May 13 15:00:00 sec gnome-software[1490]: no app for changed dash-to-dock@micxgx.gmail.com
May 13 15:00:00 sec gnome-shell[1271]: Object St.BoxLayout (0x557ef0d21f60), has been already deallocated - impossible to access to it. This might be caused by the fact that the object has been destroyed from C code using something such as destroy(), dispose(), or remove() vfuncs
May 13 15:00:00 sec org.gnome.Shell.desktop[1271]: == Stack trace for context 0x557eef27c060 ==
May 13 15:00:00 sec org.gnome.Shell.desktop[1271]: #0 0x557eef592060 i   resource:///org/gnome/shell/ui/popupMenu.js:714 (0x7f17ac524c48 @ 22)
May 13 15:00:00 sec org.gnome.Shell.desktop[1271]: #1 0x7fffcb15f330 I   resource:///org/gnome/gjs/modules/_legacy.js:82 (0x7f17b80b5de0 @ 71)
May 13 15:00:00 sec org.gnome.Shell.desktop[1271]: #2 0x7fffcb15f3e0 b   resource:///org/gnome/shell/ui/popupMenu.js:734 (0x7f17ac524ef0 @ 23)
May 13 15:00:00 sec org.gnome.Shell.desktop[1271]: #3 0x7fffcb15f440 I   resource:///org/gnome/gjs/modules/_legacy.js:82 (0x7f17b80b5de0 @ 71)
May 13 15:00:00 sec org.gnome.Shell.desktop[1271]: #4 0x557eef591fd8 i   resource:///org/gnome/shell/ui/popupMenu.js:750 (0x7f17ac527098 @ 32)
May 13 15:00:00 sec org.gnome.Shell.desktop[1271]: #5 0x7fffcb160040 I   resource:///org/gnome/gjs/modules/_legacy.js:82 (0x7f17b80b5de0 @ 71)
May 13 15:00:00 sec org.gnome.Shell.desktop[1271]: #6 0x7fffcb160110 b   resource:///org/gnome/gjs/modules/_legacy.js:39 (0x7f17b80b5b38 @ 215)
May 13 15:00:00 sec org.gnome.Shell.desktop[1271]: #7 0x557eef591f50 i   resource:///org/gnome/shell/ui/popupMenu.js:893 (0x7f17ac527560 @ 62)
May 13 15:00:00 sec org.gnome.Shell.desktop[1271]: #8 0x7fffcb160d80 I   resource:///org/gnome/gjs/modules/_legacy.js:82 (0x7f17b80b5de0 @ 71)
May 13 15:00:00 sec org.gnome.Shell.desktop[1271]: #9 0x557eef591ec8 i   resource:///org/gnome/shell/ui/panelMenu.js:191 (0x7f17ac5803c8 @ 53)
May 13 15:00:00 sec org.gnome.Shell.desktop[1271]: #10 0x7fffcb161980 I   resource:///org/gnome/gjs/modules/_legacy.js:82 (0x7f17b80b5de0 @ 71)
May 13 15:00:00 sec org.gnome.Shell.desktop[1271]: #11 0x7fffcb161a50 b   resource:///org/gnome/gjs/modules/_legacy.js:39 (0x7f17b80b5b38 @ 215)
May 13 15:00:00 sec org.gnome.Shell.desktop[1271]: #12 0x557eef591e40 i   /usr/share/gnome-shell/extensions/apps-menu@gnome-shell-extensions.gcampax.github.com/extension.js:930 (0x7f17627ac230 @ 57)
May 13 15:00:00 sec org.gnome.Shell.desktop[1271]: #13 0x7fffcb1626c0 I   resource:///org/gnome/gjs/modules/_legacy.js:82 (0x7f17b80b5de0 @ 71)
May 13 15:00:00 sec org.gnome.Shell.desktop[1271]: #14 0x557eef591dc0 i   /usr/share/gnome-shell/extensions/apps-menu@gnome-shell-extensions.gcampax.github.com/extension.js:946 (0x7f17627ac3c8 @ 48)
May 13 15:00:00 sec org.gnome.Shell.desktop[1271]: #15 0x7fffcb1633c0 b   resource:///org/gnome/shell/ui/extensionSystem.js:82 (0x7f17ac554808 @ 431)
May 13 15:00:00 sec org.gnome.Shell.desktop[1271]: #16 0x557eef591d40 i   resource:///org/gnome/shell/ui/extensionSystem.js:344 (0x7f17ac55c340 @ 13)
May 13 15:00:00 sec org.gnome.Shell.desktop[1271]: #17 0x7fffcb164150 b   self-hosted:251 (0x7f17b80c3ab0 @ 223)
May 13 15:00:00 sec org.gnome.Shell.desktop[1271]: #18 0x557eef591cc0 i   resource:///org/gnome/shell/ui/extensionSystem.js:343 (0x7f17ac55c2b8 @ 63)
May 13 15:00:00 sec org.gnome.Shell.desktop[1271]: #19 0x557eef591c40 i   resource:///org/gnome/shell/ui/extensionSystem.js:361 (0x7f17ac55c3c8 @ 87)
May 13 15:00:00 sec org.gnome.Shell.desktop[1271]: #20 0x7fffcb165670 b   resource:///org/gnome/gjs/modules/signals.js:128 (0x7f17b80cff78 @ 386)
May 13 15:00:00 sec org.gnome.Shell.desktop[1271]: #21 0x7fffcb165e10 b   resource:///org/gnome/shell/ui/sessionMode.js:204 (0x7f1798c62780 @ 254)
May 13 15:00:00 sec org.gnome.Shell.desktop[1271]: #22 0x7fffcb166b10 I   resource:///org/gnome/gjs/modules/_legacy.js:82 (0x7f17b80b5de0 @ 71)
May 13 15:00:00 sec org.gnome.Shell.desktop[1271]: #23 0x557eef591b00 i   resource:///org/gnome/shell/ui/sessionMode.js:166 (0x7f1798c62560 @ 40)
May 13 15:00:00 sec org.gnome.Shell.desktop[1271]: #24 0x7fffcb167710 I   resource:///org/gnome/gjs/modules/_legacy.js:82 (0x7f17b80b5de0 @ 71)
May 13 15:00:00 sec org.gnome.Shell.desktop[1271]: #25 0x557eef591a58 i   resource:///org/gnome/shell/ui/screenShield.js:1281 (0x7f1798c49e68 @ 188)
May 13 15:00:00 sec org.gnome.Shell.desktop[1271]: #26 0x7fffcb168310 I   resource:///org/gnome/gjs/modules/_legacy.js:82 (0x7f17b80b5de0 @ 71)
May 13 15:00:00 sec org.gnome.Shell.desktop[1271]: #27 0x557eef5919a8 i   resource:///org/gnome/shell/ui/screenShield.js:1327 (0x7f1798c49ef0 @ 391)
May 13 15:00:00 sec org.gnome.Shell.desktop[1271]: #28 0x7fffcb168f10 I   resource:///org/gnome/gjs/modules/_legacy.js:82 (0x7f17b80b5de0 @ 71)
May 13 15:00:00 sec org.gnome.Shell.desktop[1271]: #29 0x557eef591920 i   resource:///org/gnome/shell/ui/screenShield.js:851 (0x7f1798c47de0 @ 29)
May 13 15:00:00 sec org.gnome.Shell.desktop[1271]: #30 0x7fffcb169bf0 b   self-hosted:913 (0x7f17b80d7ef0 @ 346)
May 13 15:00:00 sec gnome-software[1490]: no app for changed apps-menu@gnome-shell-extensions.gcampax.github.com
May 13 15:00:00 sec gnome-software[1490]: no app for changed ProxySwitcher@flannaghan.com
May 13 15:00:00 sec gnome-software[1490]: no app for changed EasyScreenCast@iacopodeenosee.gmail.com
May 13 15:54:34 sec evolution-sourc[1307]: secret_service_search_sync: must specify at least one attribute to match
May 13 21:56:26 sec gnome-shell[1271]: Object Gdm.UserVerifierProxy (0x557ef21fbca0), has been already deallocated - impossible to access to it. This might be caused by the fact that the object has been destroyed from C code using something such as destroy(), dispose(), or remove() vfuncs
May 13 21:56:26 sec org.gnome.Shell.desktop[1271]: == Stack trace for context 0x557eef27c060 ==
May 13 21:56:26 sec org.gnome.Shell.desktop[1271]: #0 0x557eef591920 i   resource:///org/gnome/shell/gdm/util.js:432 (0x7f1798c7f3c8 @ 20)
May 13 21:56:26 sec org.gnome.Shell.desktop[1271]: #1 0x7fffcb169810 b   self-hosted:917 (0x7f17b80d7ef0 @ 394)
May 13 21:56:43 sec gnome-shell[1271]: gdk_window_set_user_time called on non-toplevel
May 13 21:56:43 sec gnome-shell[1271]: pango_layout_get_cursor_pos: assertion 'index >= 0 && index <= layout->length' failed
May 13 21:56:44 sec gnome-shell[1271]: pango_layout_get_cursor_pos: assertion 'index >= 0 && index <= layout->length' failed
May 13 21:56:44 sec gnome-shell[1271]: pango_layout_get_cursor_pos: assertion 'index >= 0 && index <= layout->length' failed
May 13 21:56:45 sec gnome-shell[1271]: pango_layout_get_cursor_pos: assertion 'index >= 0 && index <= layout->length' failed
May 13 21:56:46 sec gnome-shell[1271]: pango_layout_get_cursor_pos: assertion 'index >= 0 && index <= layout->length' failed
May 13 21:56:46 sec gnome-shell[1271]: pango_layout_get_cursor_pos: assertion 'index >= 0 && index <= layout->length' failed
May 13 21:56:47 sec gnome-shell[1271]: pango_layout_get_cursor_pos: assertion 'index >= 0 && index <= layout->length' failed
May 13 21:56:49 sec gnome-shell[1271]: gdk_window_set_user_time called on non-toplevel
May 13 21:56:49 sec gnome-shell[1271]: Attempting to add actor of type 'StScrollView' to a container of type 'StBoxLayout', but the actor has already a parent of type 'StBoxLayout'.
May 13 21:56:50 sec gnome-software[1490]: no app for changed apps-menu@gnome-shell-extensions.gcampax.github.com
May 13 21:56:50 sec gnome-software[1490]: no app for changed places-menu@gnome-shell-extensions.gcampax.github.com
May 13 21:56:50 sec gnome-software[1490]: no app for changed workspace-indicator@gnome-shell-extensions.gcampax.github.com
May 13 21:56:50 sec gnome-software[1490]: no app for changed dash-to-dock@micxgx.gmail.com
May 13 21:56:50 sec gnome-software[1490]: no app for changed ProxySwitcher@flannaghan.com
May 13 21:56:50 sec gnome-shell[1271]: JS WARNING: [/usr/share/gnome-shell/extensions/EasyScreenCast@iacopodeenosee.gmail.com/utilwebcam.js 64]: Too many arguments to function Gst.new_empty_simple: expected 1, got 2
May 13 21:56:50 sec gnome-shell[1271]: JS WARNING: [/usr/share/gnome-shell/extensions/EasyScreenCast@iacopodeenosee.gmail.com/extension.js 207]: Too many arguments to method Clutter.Actor.add_child: expected 1, got 2
May 13 21:56:50 sec gnome-shell[1271]: JS WARNING: [/usr/share/gnome-shell/extensions/EasyScreenCast@iacopodeenosee.gmail.com/extension.js 431]: Too many arguments to method Clutter.Actor.add_child: expected 1, got 2
May 13 21:56:50 sec gnome-software[1490]: no app for changed EasyScreenCast@iacopodeenosee.gmail.com
May 13 21:56:50 sec gnome-shell[1271]: loading default theme (Adwaita)
May 13 21:56:50 sec gnome-software[1490]: no app for changed user-theme@gnome-shell-extensions.gcampax.github.com
May 13 21:56:52 sec gnome-shell[1271]: Some code accessed the property 'STATUS_INDICATORS_SETTING_KEY' on the module 'settings'. That property was defined with 'let' or 'const' inside the module. This was previously supported, but is not correct according to the ES6 standard. Any symbols to be exported from a module must be defined with 'var'. The property access will work as previously for the time being, but please fix your code anyway.
May 13 21:56:52 sec gnome-shell[1271]: Some code accessed the property 'ESCoffGIconSel' on the module 'convenience'. That property was defined with 'let' or 'const' inside the module. This was previously supported, but is not correct according to the ES6 standard. Any symbols to be exported from a module must be defined with 'var'. The property access will work as previously for the time being, but please fix your code anyway.
May 13 21:56:57 sec gnome-shell[1271]: Object Meta.WindowActor (0x557ef1f64bb0), has been already finalized. Impossible to get any property from it.
May 13 21:56:57 sec org.gnome.Shell.desktop[1271]: == Stack trace for context 0x557eef27c060 ==
May 13 21:56:57 sec org.gnome.Shell.desktop[1271]: #0 0x7fffcb1690e0 b   resource:///org/gnome/shell/ui/tweener.js:73 (0x7f17b80c7cd0 @ 9)
May 13 21:56:57 sec org.gnome.Shell.desktop[1271]: #1 0x7fffcb169180 b   resource:///org/gnome/shell/ui/tweener.js:105 (0x7f17b80c7f78 @ 36)
May 13 21:56:57 sec org.gnome.Shell.desktop[1271]: #2 0x7fffcb169220 b   resource:///org/gnome/shell/ui/tweener.js:92 (0x7f17b80c7de0 @ 52)
May 13 21:56:57 sec org.gnome.Shell.desktop[1271]: #3 0x7fffcb1692a0 I   resource:///org/gnome/gjs/modules/tweener/tweener.js:208 (0x7f17b80d3918 @ 54)
May 13 21:56:57 sec org.gnome.Shell.desktop[1271]: #4 0x7fffcb1693f0 b   resource:///org/gnome/gjs/modules/tweener/tweener.js:337 (0x7f17b80d39a0 @ 1626)
May 13 21:56:57 sec org.gnome.Shell.desktop[1271]: #5 0x7fffcb1694a0 b   resource:///org/gnome/gjs/modules/tweener/tweener.js:350 (0x7f17b80d3a28 @ 100)
May 13 21:56:57 sec org.gnome.Shell.desktop[1271]: #6 0x7fffcb169530 b   resource:///org/gnome/gjs/modules/tweener/tweener.js:365 (0x7f17b80d3ab0 @ 10)
May 13 21:56:57 sec org.gnome.Shell.desktop[1271]: #7 0x7fffcb1695b0 I   resource:///org/gnome/gjs/modules/signals.js:128 (0x7f17b80cff78 @ 386)
May 13 21:56:57 sec org.gnome.Shell.desktop[1271]: #8 0x7fffcb169660 b   resource:///org/gnome/shell/ui/tweener.js:208 (0x7f17b80cf5e8 @ 159)
May 13 21:56:57 sec org.gnome.Shell.desktop[1271]: #9 0x7fffcb1696c0 I   resource:///org/gnome/gjs/modules/_legacy.js:82 (0x7f17b80b5de0 @ 71)
May 13 21:56:57 sec org.gnome.Shell.desktop[1271]: #10 0x7fffcb1696c0 I   resource:///org/gnome/shell/ui/tweener.js:183 (0x7f17b80cf560 @ 20)
May 13 21:56:57 sec org.gnome.Shell.desktop[1271]: #11 0x7fffcb169790 b   self-hosted:917 (0x7f17b80d7ef0 @ 394)
May 13 21:56:57 sec org.gnome.Shell.desktop[1271]: == Stack trace for context 0x557eef27c060 ==
May 13 21:56:57 sec org.gnome.Shell.desktop[1271]: #0 0x7fffcb1690e0 b   resource:///org/gnome/shell/ui/tweener.js:80 (0x7f17b80c7cd0 @ 82)
May 13 21:56:57 sec org.gnome.Shell.desktop[1271]: #1 0x7fffcb169180 b   resource:///org/gnome/shell/ui/tweener.js:105 (0x7f17b80c7f78 @ 36)
May 13 21:56:57 sec org.gnome.Shell.desktop[1271]: #2 0x7fffcb169220 b   resource:///org/gnome/shell/ui/tweener.js:92 (0x7f17b80c7de0 @ 52)
May 13 21:56:57 sec org.gnome.Shell.desktop[1271]: #3 0x7fffcb1692a0 I   resource:///org/gnome/gjs/modules/tweener/tweener.js:208 (0x7f17b80d3918 @ 54)
May 13 21:56:57 sec org.gnome.Shell.desktop[1271]: #4 0x7fffcb1693f0 b   resource:///org/gnome/gjs/modules/tweener/tweener.js:337 (0x7f17b80d39a0 @ 1626)
May 13 21:56:57 sec org.gnome.Shell.desktop[1271]: #5 0x7fffcb1694a0 b   resource:///org/gnome/gjs/modules/tweener/tweener.js:350 (0x7f17b80d3a28 @ 100)
May 13 21:56:57 sec org.gnome.Shell.desktop[1271]: #6 0x7fffcb169530 b   resource:///org/gnome/gjs/modules/tweener/tweener.js:365 (0x7f17b80d3ab0 @ 10)
May 13 21:56:57 sec org.gnome.Shell.desktop[1271]: #7 0x7fffcb1695b0 I   resource:///org/gnome/gjs/modules/signals.js:128 (0x7f17b80cff78 @ 386)
May 13 21:56:57 sec gnome-shell[1271]: Object Meta.WindowActor (0x557ef1f64bb0), has been already finalized. Impossible to set any property to it.
May 13 21:56:57 sec org.gnome.Shell.desktop[1271]: #8 0x7fffcb169660 b   resource:///org/gnome/shell/ui/tweener.js:208 (0x7f17b80cf5e8 @ 159)
May 13 21:56:57 sec org.gnome.Shell.desktop[1271]: #9 0x7fffcb1696c0 I   resource:///org/gnome/gjs/modules/_legacy.js:82 (0x7f17b80b5de0 @ 71)
May 13 21:56:57 sec org.gnome.Shell.desktop[1271]: #10 0x7fffcb1696c0 I   resource:///org/gnome/shell/ui/tweener.js:183 (0x7f17b80cf560 @ 20)
May 13 21:56:57 sec org.gnome.Shell.desktop[1271]: #11 0x7fffcb169790 b   self-hosted:917 (0x7f17b80d7ef0 @ 394)
May 13 21:56:58 sec gnome-shell[1271]: Object Meta.WindowActor (0x557ef1f64f90), has been already finalized. Impossible to get any property from it.
May 13 21:56:58 sec org.gnome.Shell.desktop[1271]: == Stack trace for context 0x557eef27c060 ==
May 13 21:56:58 sec org.gnome.Shell.desktop[1271]: #0 0x557eef591bb8 i   resource:///org/gnome/shell/ui/tweener.js:73 (0x7f17b80c7cd0 @ 9)
May 13 21:56:58 sec org.gnome.Shell.desktop[1271]: #1 0x557eef591b38 i   resource:///org/gnome/shell/ui/tweener.js:105 (0x7f17b80c7f78 @ 36)
May 13 21:56:58 sec org.gnome.Shell.desktop[1271]: #2 0x557eef591ab0 i   resource:///org/gnome/shell/ui/tweener.js:92 (0x7f17b80c7de0 @ 52)
May 13 21:56:58 sec org.gnome.Shell.desktop[1271]: #3 0x7fffcb166110 b   resource:///org/gnome/gjs/modules/tweener/tweener.js:208 (0x7f17b80d3918 @ 54)
May 13 21:56:58 sec org.gnome.Shell.desktop[1271]: #4 0x7fffcb1669d0 b   resource:///org/gnome/gjs/modules/tweener/tweener.js:337 (0x7f17b80d39a0 @ 1626)
May 13 21:56:58 sec org.gnome.Shell.desktop[1271]: #5 0x7fffcb166a80 b   resource:///org/gnome/gjs/modules/tweener/tweener.js:350 (0x7f17b80d3a28 @ 100)
May 13 21:56:58 sec org.gnome.Shell.desktop[1271]: #6 0x557eef591a38 i   resource:///org/gnome/gjs/modules/tweener/tweener.js:365 (0x7f17b80d3ab0 @ 10)
May 13 21:56:58 sec org.gnome.Shell.desktop[1271]: #7 0x7fffcb167e20 b   resource:///org/gnome/gjs/modules/signals.js:128 (0x7f17b80cff78 @ 386)
May 13 21:56:58 sec org.gnome.Shell.desktop[1271]: #8 0x557eef5919a8 i   resource:///org/gnome/shell/ui/tweener.js:208 (0x7f17b80cf5e8 @ 159)
May 13 21:56:58 sec org.gnome.Shell.desktop[1271]: #9 0x7fffcb168a90 I   resource:///org/gnome/gjs/modules/_legacy.js:82 (0x7f17b80b5de0 @ 71)
May 13 21:56:58 sec org.gnome.Shell.desktop[1271]: #10 0x557eef591920 i   resource:///org/gnome/shell/ui/tweener.js:183 (0x7f17b80cf560 @ 20)
May 13 21:56:58 sec org.gnome.Shell.desktop[1271]: #11 0x7fffcb169790 b   self-hosted:917 (0x7f17b80d7ef0 @ 394)
May 13 21:56:58 sec org.gnome.Shell.desktop[1271]: == Stack trace for context 0x557eef27c060 ==
May 13 21:56:58 sec org.gnome.Shell.desktop[1271]: #0 0x557eef591bb8 i   resource:///org/gnome/shell/ui/tweener.js:80 (0x7f17b80c7cd0 @ 82)
May 13 21:56:58 sec org.gnome.Shell.desktop[1271]: #1 0x557eef591b38 i   resource:///org/gnome/shell/ui/tweener.js:105 (0x7f17b80c7f78 @ 36)
May 13 21:56:58 sec org.gnome.Shell.desktop[1271]: #2 0x557eef591ab0 i   resource:///org/gnome/shell/ui/tweener.js:92 (0x7f17b80c7de0 @ 52)
May 13 21:56:58 sec org.gnome.Shell.desktop[1271]: #3 0x7fffcb166110 b   resource:///org/gnome/gjs/modules/tweener/tweener.js:208 (0x7f17b80d3918 @ 54)
May 13 21:56:58 sec org.gnome.Shell.desktop[1271]: #4 0x7fffcb1669d0 b   resource:///org/gnome/gjs/modules/tweener/tweener.js:337 (0x7f17b80d39a0 @ 1626)
May 13 21:56:58 sec org.gnome.Shell.desktop[1271]: #5 0x7fffcb166a80 b   resource:///org/gnome/gjs/modules/tweener/tweener.js:350 (0x7f17b80d3a28 @ 100)
May 13 21:56:58 sec org.gnome.Shell.desktop[1271]: #6 0x557eef591a38 i   resource:///org/gnome/gjs/modules/tweener/tweener.js:365 (0x7f17b80d3ab0 @ 10)
May 13 21:56:58 sec org.gnome.Shell.desktop[1271]: #7 0x7fffcb167e20 b   resource:///org/gnome/gjs/modules/signals.js:128 (0x7f17b80cff78 @ 386)
May 13 21:56:58 sec gnome-shell[1271]: Object Meta.WindowActor (0x557ef1f64f90), has been already finalized. Impossible to set any property to it.
May 13 21:56:58 sec org.gnome.Shell.desktop[1271]: #8 0x557eef5919a8 i   resource:///org/gnome/shell/ui/tweener.js:208 (0x7f17b80cf5e8 @ 159)
May 13 21:56:58 sec org.gnome.Shell.desktop[1271]: #9 0x7fffcb168a90 I   resource:///org/gnome/gjs/modules/_legacy.js:82 (0x7f17b80b5de0 @ 71)
May 13 21:56:58 sec org.gnome.Shell.desktop[1271]: #10 0x557eef591920 i   resource:///org/gnome/shell/ui/tweener.js:183 (0x7f17b80cf560 @ 20)
May 13 21:56:58 sec org.gnome.Shell.desktop[1271]: #11 0x7fffcb169790 b   self-hosted:917 (0x7f17b80d7ef0 @ 394)
May 13 21:56:58 sec gnome-shell[1271]: Object .Gjs_DashItemContainer (0x557ef548dfa0), has been already finalized. Impossible to get any property from it.
May 13 21:56:58 sec org.gnome.Shell.desktop[1271]: == Stack trace for context 0x557eef27c060 ==
May 13 21:56:58 sec org.gnome.Shell.desktop[1271]: #0 0x557eef591bb8 i   resource:///org/gnome/shell/ui/tweener.js:73 (0x7f17b80c7cd0 @ 9)
May 13 21:56:58 sec org.gnome.Shell.desktop[1271]: #1 0x557eef591b38 i   resource:///org/gnome/shell/ui/tweener.js:105 (0x7f17b80c7f78 @ 36)
May 13 21:56:58 sec org.gnome.Shell.desktop[1271]: #2 0x557eef591ab0 i   resource:///org/gnome/shell/ui/tweener.js:92 (0x7f17b80c7de0 @ 52)
May 13 21:56:58 sec org.gnome.Shell.desktop[1271]: #3 0x7fffcb166880 b   resource:///org/gnome/gjs/modules/tweener/tweener.js:208 (0x7f17b80d3918 @ 54)
May 13 21:56:58 sec org.gnome.Shell.desktop[1271]: #4 0x7fffcb1669d0 b   resource:///org/gnome/gjs/modules/tweener/tweener.js:337 (0x7f17b80d39a0 @ 1626)
May 13 21:56:58 sec org.gnome.Shell.desktop[1271]: #5 0x7fffcb166a80 b   resource:///org/gnome/gjs/modules/tweener/tweener.js:350 (0x7f17b80d3a28 @ 100)
May 13 21:56:58 sec org.gnome.Shell.desktop[1271]: #6 0x557eef591a38 i   resource:///org/gnome/gjs/modules/tweener/tweener.js:365 (0x7f17b80d3ab0 @ 10)
May 13 21:56:58 sec org.gnome.Shell.desktop[1271]: #7 0x7fffcb167e20 b   resource:///org/gnome/gjs/modules/signals.js:128 (0x7f17b80cff78 @ 386)
May 13 21:56:58 sec org.gnome.Shell.desktop[1271]: #8 0x557eef5919a8 i   resource:///org/gnome/shell/ui/tweener.js:208 (0x7f17b80cf5e8 @ 159)
May 13 21:56:58 sec org.gnome.Shell.desktop[1271]: #9 0x7fffcb168a90 I   resource:///org/gnome/gjs/modules/_legacy.js:82 (0x7f17b80b5de0 @ 71)
May 13 21:56:58 sec org.gnome.Shell.desktop[1271]: #10 0x557eef591920 i   resource:///org/gnome/shell/ui/tweener.js:183 (0x7f17b80cf560 @ 20)
May 13 21:56:58 sec org.gnome.Shell.desktop[1271]: #11 0x7fffcb169790 b   self-hosted:917 (0x7f17b80d7ef0 @ 394)
May 13 21:56:58 sec org.gnome.Shell.desktop[1271]: == Stack trace for context 0x557eef27c060 ==
May 13 21:56:58 sec org.gnome.Shell.desktop[1271]: #0 0x557eef591bb8 i   resource:///org/gnome/shell/ui/tweener.js:80 (0x7f17b80c7cd0 @ 82)
May 13 21:56:58 sec org.gnome.Shell.desktop[1271]: #1 0x557eef591b38 i   resource:///org/gnome/shell/ui/tweener.js:105 (0x7f17b80c7f78 @ 36)
May 13 21:56:58 sec org.gnome.Shell.desktop[1271]: #2 0x557eef591ab0 i   resource:///org/gnome/shell/ui/tweener.js:92 (0x7f17b80c7de0 @ 52)
May 13 21:56:58 sec org.gnome.Shell.desktop[1271]: #3 0x7fffcb166880 b   resource:///org/gnome/gjs/modules/tweener/tweener.js:208 (0x7f17b80d3918 @ 54)
May 13 21:56:58 sec org.gnome.Shell.desktop[1271]: #4 0x7fffcb1669d0 b   resource:///org/gnome/gjs/modules/tweener/tweener.js:337 (0x7f17b80d39a0 @ 1626)
May 13 21:56:58 sec org.gnome.Shell.desktop[1271]: #5 0x7fffcb166a80 b   resource:///org/gnome/gjs/modules/tweener/tweener.js:350 (0x7f17b80d3a28 @ 100)
May 13 21:56:58 sec org.gnome.Shell.desktop[1271]: #6 0x557eef591a38 i   resource:///org/gnome/gjs/modules/tweener/tweener.js:365 (0x7f17b80d3ab0 @ 10)
May 13 21:56:58 sec org.gnome.Shell.desktop[1271]: #7 0x7fffcb167e20 b   resource:///org/gnome/gjs/modules/signals.js:128 (0x7f17b80cff78 @ 386)
May 13 21:56:58 sec gnome-shell[1271]: Object .Gjs_DashItemContainer (0x557ef548dfa0), has been already finalized. Impossible to set any property to it.
May 13 21:56:58 sec org.gnome.Shell.desktop[1271]: #8 0x557eef5919a8 i   resource:///org/gnome/shell/ui/tweener.js:208 (0x7f17b80cf5e8 @ 159)
May 13 21:56:58 sec org.gnome.Shell.desktop[1271]: #9 0x7fffcb168a90 I   resource:///org/gnome/gjs/modules/_legacy.js:82 (0x7f17b80b5de0 @ 71)
May 13 21:56:58 sec org.gnome.Shell.desktop[1271]: #10 0x557eef591920 i   resource:///org/gnome/shell/ui/tweener.js:183 (0x7f17b80cf560 @ 20)
May 13 21:56:58 sec org.gnome.Shell.desktop[1271]: #11 0x7fffcb169790 b   self-hosted:917 (0x7f17b80d7ef0 @ 394)
May 13 21:57:04 sec gnome-shell[1271]: JS WARNING: [resource:///org/gnome/shell/ui/modalDialog.js 218]: reference to undefined property "GdkX11Screen"
May 13 21:57:04 sec gsd-print-notif[1392]: Source ID 2 was not found when attempting to remove it
May 14 22:14:41 sec kernel: [    0.000000] microcode: microcode updated early to revision 0x84, date = 2018-01-21
May 14 22:14:41 sec kernel: [    0.000000] Linux version 4.14.0-kali3-amd64 (devel@kali.org) (gcc version 7.3.0 (Debian 7.3.0-3)) #1 SMP Debian 4.14.17-1kali1 (2018-02-16)
May 14 22:14:41 sec kernel: [    0.000000] Command line: BOOT_IMAGE=/boot/vmlinuz-4.14.0-kali3-amd64 root=UUID=1def27e5-e128-4f1b-95b0-e4f6f47dadfb ro quiet
May 14 22:14:41 sec kernel: [    0.000000] x86/fpu: Supporting XSAVE feature 0x001: 'x87 floating point registers'
May 14 22:14:41 sec kernel: [    0.000000] x86/fpu: Supporting XSAVE feature 0x002: 'SSE registers'
May 14 22:14:41 sec kernel: [    0.000000] x86/fpu: Supporting XSAVE feature 0x004: 'AVX registers'
May 14 22:14:41 sec kernel: [    0.000000] x86/fpu: Supporting XSAVE feature 0x008: 'MPX bounds registers'
May 14 22:14:41 sec kernel: [    0.000000] x86/fpu: Supporting XSAVE feature 0x010: 'MPX CSR'
May 14 22:14:41 sec kernel: [    0.000000] x86/fpu: xstate_offset[2]:  576, xstate_sizes[2]:  256
May 14 22:14:41 sec kernel: [    0.000000] x86/fpu: xstate_offset[3]:  832, xstate_sizes[3]:   64
May 14 22:14:41 sec kernel: [    0.000000] x86/fpu: xstate_offset[4]:  896, xstate_sizes[4]:   64
May 14 22:14:41 sec mtp-probe: checking bus 1, device 3: "/sys/devices/pci0000:00/0000:00:14.0/usb1/1-5"
May 14 22:14:41 sec kernel: [    0.000000] x86/fpu: Enabled xstate features 0x1f, context size is 960 bytes, using 'compacted' format.
May 14 22:14:41 sec kernel: [    0.000000] e820: BIOS-provided physical RAM map:
May 14 22:14:41 sec mtp-probe: checking bus 1, device 2: "/sys/devices/pci0000:00/0000:00:14.0/usb1/1-2"
May 14 22:14:41 sec kernel: [    0.000000] BIOS-e820: [mem 0x0000000000000000-0x000000000009c7ff] usable
May 14 22:14:41 sec kernel: [    0.000000] BIOS-e820: [mem 0x000000000009c800-0x000000000009ffff] reserved
May 14 22:14:41 sec kernel: [    0.000000] BIOS-e820: [mem 0x00000000000e0000-0x00000000000fffff] reserved
May 14 22:14:41 sec kernel: [    0.000000] BIOS-e820: [mem 0x0000000000100000-0x00000000c3005fff] usable
May 14 22:14:41 sec mtp-probe: bus: 1, device: 3 was not an MTP device
May 14 22:14:41 sec kernel: [    0.000000] BIOS-e820: [mem 0x00000000c3006000-0x00000000c3006fff] ACPI NVS
May 14 22:14:41 sec kernel: [    0.000000] BIOS-e820: [mem 0x00000000c3007000-0x00000000c3007fff] reserved
May 14 22:14:41 sec kernel: [    0.000000] BIOS-e820: [mem 0x00000000c3008000-0x00000000c9eb6fff] usable
May 14 22:14:41 sec mtp-probe: bus: 1, device: 2 was not an MTP device
May 14 22:14:41 sec kernel: [    0.000000] BIOS-e820: [mem 0x00000000c9eb7000-0x00000000ca21cfff] reserved
May 14 22:14:41 sec kernel: [    0.000000] BIOS-e820: [mem 0x00000000ca21d000-0x00000000ca38bfff] usable
May 14 22:14:41 sec kernel: [    0.000000] BIOS-e820: [mem 0x00000000ca38c000-0x00000000caa37fff] ACPI NVS
May 14 22:14:41 sec kernel: [    0.000000] BIOS-e820: [mem 0x00000000caa38000-0x00000000caffefff] reserved
May 14 22:14:41 sec kernel: [    0.000000] BIOS-e820: [mem 0x00000000cafff000-0x00000000caffffff] usable
May 14 22:14:41 sec kernel: [    0.000000] BIOS-e820: [mem 0x00000000cb000000-0x00000000cfffffff] reserved
May 14 22:14:41 sec kernel: [    0.000000] BIOS-e820: [mem 0x00000000f8000000-0x00000000fbffffff] reserved
May 14 22:14:41 sec kernel: [    0.000000] BIOS-e820: [mem 0x00000000fe000000-0x00000000fe010fff] reserved
May 14 22:14:41 sec kernel: [    0.000000] BIOS-e820: [mem 0x00000000fec00000-0x00000000fec00fff] reserved
May 14 22:14:41 sec kernel: [    0.000000] BIOS-e820: [mem 0x00000000fed00000-0x00000000fed00fff] reserved
May 14 22:14:41 sec kernel: [    0.000000] BIOS-e820: [mem 0x00000000fee00000-0x00000000fee00fff] reserved
May 14 22:14:41 sec kernel: [    0.000000] BIOS-e820: [mem 0x00000000ff000000-0x00000000ffffffff] reserved
May 14 22:14:41 sec kernel: [    0.000000] BIOS-e820: [mem 0x0000000100000000-0x000000042effffff] usable
May 14 22:14:41 sec kernel: [    0.000000] NX (Execute Disable) protection: active
May 14 22:14:41 sec kernel: [    0.000000] random: fast init done
May 14 22:14:41 sec kernel: [    0.000000] SMBIOS 3.0.0 present.
May 14 22:14:41 sec kernel: [    0.000000] DMI: Gigabyte Technology Co., Ltd. B250M-D2V/B250M-D2V-CF, BIOS F5 04/24/2017
May 14 22:14:41 sec kernel: [    0.000000] e820: last_pfn = 0x42f000 max_arch_pfn = 0x400000000
May 14 22:14:41 sec kernel: [    0.000000] x86/PAT: Configuration [0-7]: WB  WC  UC- UC  WB  WP  UC- WT  
May 14 22:14:41 sec kernel: [    0.000000] e820: last_pfn = 0xcb000 max_arch_pfn = 0x400000000
May 14 22:14:41 sec kernel: [    0.000000] found SMP MP-table at [mem 0x000fcc60-0x000fcc6f] mapped at [ffffffffff200c60]
May 14 22:14:41 sec kernel: [    0.000000] Using GB pages for direct mapping
May 14 22:14:41 sec kernel: [    0.000000] RAMDISK: [mem 0x34087000-0x3603afff]
May 14 22:14:41 sec kernel: [    0.000000] ACPI: Early table checksum verification disabled
May 14 22:14:41 sec kernel: [    0.000000] ACPI: RSDP 0x00000000000F05B0 000024 (v02 ALASKA)
May 14 22:14:41 sec kernel: [    0.000000] ACPI: XSDT 0x00000000CA68C0A0 0000C4 (v01 ALASKA A M I    01072009 AMI  00010013)
May 14 22:14:41 sec kernel: [    0.000000] ACPI: FACP 0x00000000CA6B2AF8 000114 (v06 ALASKA A M I    01072009 AMI  00010013)
May 14 22:14:41 sec kernel: [    0.000000] ACPI: DSDT 0x00000000CA68C200 0268F6 (v02 ALASKA A M I    01072009 INTL 20160422)
May 14 22:14:41 sec kernel: [    0.000000] ACPI: FACS 0x00000000CAA37C40 000040
May 14 22:14:41 sec kernel: [    0.000000] ACPI: APIC 0x00000000CA6B2C10 0000BC (v03 ALASKA A M I    01072009 AMI  00010013)
May 14 22:14:41 sec kernel: [    0.000000] ACPI: FPDT 0x00000000CA6B2CD0 000044 (v01 ALASKA A M I    01072009 AMI  00010013)
May 14 22:14:41 sec kernel: [    0.000000] ACPI: MCFG 0x00000000CA6B2D18 00003C (v01 ALASKA A M I    01072009 MSFT 00000097)
May 14 22:14:41 sec kernel: [    0.000000] ACPI: SSDT 0x00000000CA6B2D58 0003BC (v01 SataRe SataTabl 00001000 INTL 20160422)
May 14 22:14:41 sec kernel: [    0.000000] ACPI: FIDT 0x00000000CA6B3118 00009C (v01 ALASKA A M I    01072009 AMI  00010013)
May 14 22:14:41 sec kernel: [    0.000000] ACPI: SSDT 0x00000000CA6B31B8 003159 (v02 SaSsdt SaSsdt   00003000 INTL 20160422)
May 14 22:14:41 sec kernel: [    0.000000] ACPI: SSDT 0x00000000CA6B6318 00255F (v02 PegSsd PegSsdt  00001000 INTL 20160422)
May 14 22:14:41 sec kernel: [    0.000000] ACPI: HPET 0x00000000CA6B8878 000038 (v01 INTEL  KBL      00000001 MSFT 0000005F)
May 14 22:14:41 sec kernel: [    0.000000] ACPI: SSDT 0x00000000CA6B88B0 000DE5 (v02 INTEL  Ther_Rvp 00001000 INTL 20160422)
May 14 22:14:41 sec kernel: [    0.000000] ACPI: SSDT 0x00000000CA6B9698 002AD7 (v02 INTEL  xh_rvp10 00000000 INTL 20160422)
May 14 22:14:41 sec kernel: [    0.000000] ACPI: UEFI 0x00000000CA6BC170 000042 (v01 INTEL  EDK2     00000002      01000013)
May 14 22:14:41 sec kernel: [    0.000000] ACPI: SSDT 0x00000000CA6BC1B8 000EDE (v02 CpuRef CpuSsdt  00003000 INTL 20160422)
May 14 22:14:41 sec kernel: [    0.000000] ACPI: LPIT 0x00000000CA6BD098 000094 (v01 INTEL  KBL      00000000 MSFT 0000005F)
May 14 22:14:41 sec kernel: [    0.000000] ACPI: WSMT 0x00000000CA6BD130 000028 (v01 INTEL  KBL      00000000 MSFT 0000005F)
May 14 22:14:41 sec kernel: [    0.000000] ACPI: SSDT 0x00000000CA6BD158 00029F (v02 INTEL  sensrhub 00000000 INTL 20160422)
May 14 22:14:41 sec kernel: [    0.000000] ACPI: SSDT 0x00000000CA6BD3F8 003002 (v02 INTEL  PtidDevc 00001000 INTL 20160422)
May 14 22:14:41 sec kernel: [    0.000000] ACPI: DBGP 0x00000000CA6C0400 000034 (v01 INTEL           00000002 MSFT 0000005F)
May 14 22:14:41 sec kernel: [    0.000000] ACPI: DBG2 0x00000000CA6C0438 000054 (v00 INTEL           00000002 MSFT 0000005F)
May 14 22:14:41 sec kernel: [    0.000000] ACPI: DMAR 0x00000000CA6C0490 0000A8 (v01 INTEL  KBL      00000001 INTL 00000001)
May 14 22:14:41 sec kernel: [    0.000000] No NUMA configuration found
May 14 22:14:41 sec kernel: [    0.000000] Faking a node at [mem 0x0000000000000000-0x000000042effffff]
May 14 22:14:41 sec kernel: [    0.000000] NODE_DATA(0) allocated [mem 0x42effb000-0x42effffff]
May 14 22:14:41 sec kernel: [    0.000000] Zone ranges:
May 14 22:14:41 sec kernel: [    0.000000]   DMA      [mem 0x0000000000001000-0x0000000000ffffff]
May 14 22:14:41 sec kernel: [    0.000000]   DMA32    [mem 0x0000000001000000-0x00000000ffffffff]
May 14 22:14:41 sec kernel: [    0.000000]   Normal   [mem 0x0000000100000000-0x000000042effffff]
May 14 22:14:41 sec kernel: [    0.000000]   Device   empty
May 14 22:14:41 sec kernel: [    0.000000] Movable zone start for each node
May 14 22:14:41 sec kernel: [    0.000000] Early memory node ranges
May 14 22:14:41 sec kernel: [    0.000000]   node   0: [mem 0x0000000000001000-0x000000000009bfff]
May 14 22:14:41 sec kernel: [    0.000000]   node   0: [mem 0x0000000000100000-0x00000000c3005fff]
May 14 22:14:41 sec kernel: [    0.000000]   node   0: [mem 0x00000000c3008000-0x00000000c9eb6fff]
May 14 22:14:41 sec kernel: [    0.000000]   node   0: [mem 0x00000000ca21d000-0x00000000ca38bfff]
May 14 22:14:41 sec kernel: [    0.000000]   node   0: [mem 0x00000000cafff000-0x00000000caffffff]
May 14 22:14:41 sec kernel: [    0.000000]   node   0: [mem 0x0000000100000000-0x000000042effffff]
May 14 22:14:41 sec kernel: [    0.000000] Initmem setup node 0 [mem 0x0000000000001000-0x000000042effffff]
May 14 22:14:41 sec kernel: [    0.000000] Reserving Intel graphics memory at 0x00000000cc000000-0x00000000cfffffff
May 14 22:14:41 sec kernel: [    0.000000] ACPI: PM-Timer IO Port: 0x1808
May 14 22:14:41 sec kernel: [    0.000000] ACPI: LAPIC_NMI (acpi_id[0x01] high edge lint[0x1])
May 14 22:14:41 sec kernel: [    0.000000] ACPI: LAPIC_NMI (acpi_id[0x02] high edge lint[0x1])
May 14 22:14:41 sec kernel: [    0.000000] ACPI: LAPIC_NMI (acpi_id[0x03] high edge lint[0x1])
May 14 22:14:41 sec kernel: [    0.000000] ACPI: LAPIC_NMI (acpi_id[0x04] high edge lint[0x1])
May 14 22:14:41 sec kernel: [    0.000000] ACPI: LAPIC_NMI (acpi_id[0x05] high edge lint[0x1])
May 14 22:14:41 sec kernel: [    0.000000] ACPI: LAPIC_NMI (acpi_id[0x06] high edge lint[0x1])
May 14 22:14:41 sec kernel: [    0.000000] ACPI: LAPIC_NMI (acpi_id[0x07] high edge lint[0x1])
May 14 22:14:41 sec kernel: [    0.000000] ACPI: LAPIC_NMI (acpi_id[0x08] high edge lint[0x1])
May 14 22:14:41 sec kernel: [    0.000000] IOAPIC[0]: apic_id 2, version 32, address 0xfec00000, GSI 0-119
May 14 22:14:41 sec kernel: [    0.000000] ACPI: INT_SRC_OVR (bus 0 bus_irq 0 global_irq 2 dfl dfl)
May 14 22:14:41 sec kernel: [    0.000000] ACPI: INT_SRC_OVR (bus 0 bus_irq 9 global_irq 9 high level)
May 14 22:14:41 sec kernel: [    0.000000] Using ACPI (MADT) for SMP configuration information
May 14 22:14:41 sec kernel: [    0.000000] ACPI: HPET id: 0x8086a201 base: 0xfed00000
May 14 22:14:41 sec kernel: [    0.000000] smpboot: Allowing 8 CPUs, 0 hotplug CPUs
May 14 22:14:41 sec kernel: [    0.000000] PM: Registered nosave memory: [mem 0x00000000-0x00000fff]
May 14 22:14:41 sec kernel: [    0.000000] PM: Registered nosave memory: [mem 0x0009c000-0x0009cfff]
May 14 22:14:41 sec kernel: [    0.000000] PM: Registered nosave memory: [mem 0x0009d000-0x0009ffff]
May 14 22:14:41 sec kernel: [    0.000000] PM: Registered nosave memory: [mem 0x000a0000-0x000dffff]
May 14 22:14:41 sec kernel: [    0.000000] PM: Registered nosave memory: [mem 0x000e0000-0x000fffff]
May 14 22:14:41 sec kernel: [    0.000000] PM: Registered nosave memory: [mem 0xc3006000-0xc3006fff]
May 14 22:14:41 sec kernel: [    0.000000] PM: Registered nosave memory: [mem 0xc3007000-0xc3007fff]
May 14 22:14:41 sec kernel: [    0.000000] PM: Registered nosave memory: [mem 0xc9eb7000-0xca21cfff]
May 14 22:14:41 sec kernel: [    0.000000] PM: Registered nosave memory: [mem 0xca38c000-0xcaa37fff]
May 14 22:14:41 sec kernel: [    0.000000] PM: Registered nosave memory: [mem 0xcaa38000-0xcaffefff]
May 14 22:14:41 sec kernel: [    0.000000] PM: Registered nosave memory: [mem 0xcb000000-0xcfffffff]
May 14 22:14:41 sec kernel: [    0.000000] PM: Registered nosave memory: [mem 0xd0000000-0xf7ffffff]
May 14 22:14:41 sec kernel: [    0.000000] PM: Registered nosave memory: [mem 0xf8000000-0xfbffffff]
May 14 22:14:41 sec kernel: [    0.000000] PM: Registered nosave memory: [mem 0xfc000000-0xfdffffff]
May 14 22:14:41 sec kernel: [    0.000000] PM: Registered nosave memory: [mem 0xfe000000-0xfe010fff]
May 14 22:14:41 sec kernel: [    0.000000] PM: Registered nosave memory: [mem 0xfe011000-0xfebfffff]
May 14 22:14:41 sec kernel: [    0.000000] PM: Registered nosave memory: [mem 0xfec00000-0xfec00fff]
May 14 22:14:41 sec kernel: [    0.000000] PM: Registered nosave memory: [mem 0xfec01000-0xfecfffff]
May 14 22:14:41 sec kernel: [    0.000000] PM: Registered nosave memory: [mem 0xfed00000-0xfed00fff]
May 14 22:14:41 sec kernel: [    0.000000] PM: Registered nosave memory: [mem 0xfed01000-0xfedfffff]
May 14 22:14:41 sec kernel: [    0.000000] PM: Registered nosave memory: [mem 0xfee00000-0xfee00fff]
May 14 22:14:41 sec kernel: [    0.000000] PM: Registered nosave memory: [mem 0xfee01000-0xfeffffff]
May 14 22:14:41 sec kernel: [    0.000000] PM: Registered nosave memory: [mem 0xff000000-0xffffffff]
May 14 22:14:41 sec kernel: [    0.000000] e820: [mem 0xd0000000-0xf7ffffff] available for PCI devices
May 14 22:14:41 sec kernel: [    0.000000] Booting paravirtualized kernel on bare hardware
May 14 22:14:41 sec kernel: [    0.000000] clocksource: refined-jiffies: mask: 0xffffffff max_cycles: 0xffffffff, max_idle_ns: 7645519600211568 ns
May 14 22:14:41 sec kernel: [    0.000000] setup_percpu: NR_CPUS:512 nr_cpumask_bits:512 nr_cpu_ids:8 nr_node_ids:1
May 14 22:14:41 sec kernel: [    0.000000] percpu: Embedded 44 pages/cpu @ffff978f2ec00000 s142232 r8192 d29800 u262144
May 14 22:14:41 sec kernel: [    0.000000] Built 1 zonelists, mobility grouping on.  Total pages: 4100458
May 14 22:14:41 sec kernel: [    0.000000] Policy zone: Normal
May 14 22:14:41 sec kernel: [    0.000000] Kernel command line: BOOT_IMAGE=/boot/vmlinuz-4.14.0-kali3-amd64 root=UUID=1def27e5-e128-4f1b-95b0-e4f6f47dadfb ro quiet
May 14 22:14:41 sec kernel: [    0.000000] PID hash table entries: 4096 (order: 3, 32768 bytes)
May 14 22:14:41 sec kernel: [    0.000000] Memory: 16277488K/16662272K available (10252K kernel code, 1146K rwdata, 3040K rodata, 1512K init, 664K bss, 384784K reserved, 0K cma-reserved)
May 14 22:14:41 sec kernel: [    0.000000] Kernel/User page tables isolation: enabled
May 14 22:14:41 sec kernel: [    0.000000] ftrace: allocating 29041 entries in 114 pages
May 14 22:14:41 sec kernel: [    0.000000] Hierarchical RCU implementation.
May 14 22:14:41 sec kernel: [    0.000000] 	RCU restricting CPUs from NR_CPUS=512 to nr_cpu_ids=8.
May 14 22:14:41 sec kernel: [    0.000000] RCU: Adjusting geometry for rcu_fanout_leaf=16, nr_cpu_ids=8
May 14 22:14:41 sec kernel: [    0.000000] NR_IRQS: 33024, nr_irqs: 2048, preallocated irqs: 16
May 14 22:14:41 sec kernel: [    0.000000] Console: colour VGA+ 80x25
May 14 22:14:41 sec kernel: [    0.000000] console [tty0] enabled
May 14 22:14:41 sec kernel: [    0.000000] clocksource: hpet: mask: 0xffffffff max_cycles: 0xffffffff, max_idle_ns: 79635855245 ns
May 14 22:14:41 sec kernel: [    0.004000] tsc: Detected 3600.000 MHz processor
May 14 22:14:41 sec kernel: [    0.004000] Calibrating delay loop (skipped), value calculated using timer frequency.. 7200.00 BogoMIPS (lpj=14400000)
May 14 22:14:41 sec kernel: [    0.004000] pid_max: default: 32768 minimum: 301
May 14 22:14:41 sec kernel: [    0.004000] ACPI: Core revision 20170728
May 14 22:14:41 sec kernel: [    0.025911] ACPI: 9 ACPI AML tables successfully acquired and loaded
May 14 22:14:41 sec kernel: [    0.025936] Security Framework initialized
May 14 22:14:41 sec kernel: [    0.025937] Yama: disabled by default; enable with sysctl kernel.yama.*
May 14 22:14:41 sec kernel: [    0.025948] AppArmor: AppArmor initialized
May 14 22:14:41 sec kernel: [    0.028481] Dentry cache hash table entries: 2097152 (order: 12, 16777216 bytes)
May 14 22:14:41 sec kernel: [    0.029739] Inode-cache hash table entries: 1048576 (order: 11, 8388608 bytes)
May 14 22:14:41 sec kernel: [    0.029784] Mount-cache hash table entries: 32768 (order: 6, 262144 bytes)
May 14 22:14:41 sec kernel: [    0.029824] Mountpoint-cache hash table entries: 32768 (order: 6, 262144 bytes)
May 14 22:14:41 sec kernel: [    0.029943] CPU: Physical Processor ID: 0
May 14 22:14:41 sec kernel: [    0.029943] CPU: Processor Core ID: 0
May 14 22:14:41 sec kernel: [    0.029948] mce: CPU supports 10 MCE banks
May 14 22:14:41 sec kernel: [    0.029954] CPU0: Thermal monitoring enabled (TM1)
May 14 22:14:41 sec kernel: [    0.029966] process: using mwait in idle threads
May 14 22:14:41 sec kernel: [    0.029968] Last level iTLB entries: 4KB 64, 2MB 8, 4MB 8
May 14 22:14:41 sec kernel: [    0.029968] Last level dTLB entries: 4KB 64, 2MB 0, 4MB 0, 1GB 4
May 14 22:14:41 sec kernel: [    0.029969] Spectre V2 mitigation: Mitigation: Full generic retpoline
May 14 22:14:41 sec kernel: [    0.029969] Spectre V2 mitigation: Filling RSB on context switch
May 14 22:14:41 sec kernel: [    0.030204] Freeing SMP alternatives memory: 28K
May 14 22:14:41 sec kernel: [    0.030938] smpboot: Max logical packages: 2
May 14 22:14:41 sec kernel: [    0.030940] DMAR: Host address width 39
May 14 22:14:41 sec kernel: [    0.030941] DMAR: DRHD base: 0x000000fed90000 flags: 0x0
May 14 22:14:41 sec kernel: [    0.030945] DMAR: dmar0: reg_base_addr fed90000 ver 1:0 cap 1c0000c40660462 ecap 19e2ff0505e
May 14 22:14:41 sec kernel: [    0.030946] DMAR: DRHD base: 0x000000fed91000 flags: 0x1
May 14 22:14:41 sec kernel: [    0.030949] DMAR: dmar1: reg_base_addr fed91000 ver 1:0 cap d2008c40660462 ecap f050da
May 14 22:14:41 sec kernel: [    0.030950] DMAR: RMRR base: 0x000000ca17f000 end: 0x000000ca19efff
May 14 22:14:41 sec kernel: [    0.030951] DMAR: RMRR base: 0x000000cb800000 end: 0x000000cfffffff
May 14 22:14:41 sec kernel: [    0.030953] DMAR-IR: IOAPIC id 2 under DRHD base  0xfed91000 IOMMU 1
May 14 22:14:41 sec kernel: [    0.030953] DMAR-IR: HPET id 0 under DRHD base 0xfed91000
May 14 22:14:41 sec kernel: [    0.030954] DMAR-IR: Queued invalidation will be enabled to support x2apic and Intr-remapping.
May 14 22:14:41 sec rsyslogd: environment variable TZ is not set, auto correcting this to TZ=/etc/localtime  [v8.34.0 try http://www.rsyslog.com/e/2442 ]
May 14 22:14:41 sec rsyslogd: imuxsock: Acquired UNIX socket '/run/systemd/journal/syslog' (fd 3) from systemd.  [v8.34.0]
May 14 22:14:41 sec kernel: [    0.032370] DMAR-IR: Enabled IRQ remapping in x2apic mode
May 14 22:14:41 sec kernel: [    0.032371] x2apic enabled
May 14 22:14:41 sec kernel: [    0.032380] Switched APIC routing to cluster x2apic.
May 14 22:14:41 sec kernel: [    0.036281] ..TIMER: vector=0x30 apic1=0 pin1=2 apic2=-1 pin2=-1
May 14 22:14:41 sec kernel: [    0.075996] smpboot: CPU0: Intel(R) Core(TM) i7-7700 CPU @ 3.60GHz (family: 0x6, model: 0x9e, stepping: 0x9)
May 14 22:14:41 sec kernel: [    0.076000] Performance Events: PEBS fmt3+, Skylake events, 32-deep LBR, full-width counters, Intel PMU driver.
May 14 22:14:41 sec kernel: [    0.076000] ... version:                4
May 14 22:14:41 sec kernel: [    0.076000] ... bit width:              48
May 14 22:14:41 sec kernel: [    0.076000] ... generic registers:      4
May 14 22:14:41 sec kernel: [    0.076000] ... value mask:             0000ffffffffffff
May 14 22:14:41 sec kernel: [    0.076000] ... max period:             00007fffffffffff
May 14 22:14:41 sec kernel: [    0.076000] ... fixed-purpose events:   3
May 14 22:14:41 sec kernel: [    0.076000] ... event mask:             000000070000000f
May 14 22:14:41 sec kernel: [    0.076000] Hierarchical SRCU implementation.
May 14 22:14:41 sec kernel: [    0.076000] smp: Bringing up secondary CPUs ...
May 14 22:14:41 sec kernel: [    0.076000] x86: Booting SMP configuration:
May 14 22:14:41 sec kernel: [    0.076000] .... node  #0, CPUs:      #1
May 14 22:14:41 sec kernel: [    0.076000] NMI watchdog: Enabled. Permanently consumes one hw-PMU counter.
May 14 22:14:41 sec kernel: [    0.076000]  #2 #3 #4 #5 #6 #7
May 14 22:14:41 sec kernel: [    0.081127] smp: Brought up 1 node, 8 CPUs
May 14 22:14:41 sec kernel: [    0.081127] smpboot: Total of 8 processors activated (57600.00 BogoMIPS)
May 14 22:14:41 sec kernel: [    0.084323] devtmpfs: initialized
May 14 22:14:41 sec kernel: [    0.084323] x86/mm: Memory block size: 128MB
May 14 22:14:41 sec kernel: [    0.084737] PM: Registering ACPI NVS region [mem 0xc3006000-0xc3006fff] (4096 bytes)
May 14 22:14:41 sec kernel: [    0.084737] PM: Registering ACPI NVS region [mem 0xca38c000-0xcaa37fff] (6995968 bytes)
May 14 22:14:41 sec kernel: [    0.084737] clocksource: jiffies: mask: 0xffffffff max_cycles: 0xffffffff, max_idle_ns: 7645041785100000 ns
May 14 22:14:41 sec kernel: [    0.084737] futex hash table entries: 2048 (order: 5, 131072 bytes)
May 14 22:14:41 sec kernel: [    0.084737] pinctrl core: initialized pinctrl subsystem
May 14 22:14:41 sec kernel: [    0.084737] NET: Registered protocol family 16
May 14 22:14:41 sec kernel: [    0.084737] cpuidle: using governor ladder
May 14 22:14:41 sec kernel: [    0.084737] cpuidle: using governor menu
May 14 22:14:41 sec kernel: [    0.084737] ACPI FADT declares the system doesn't support PCIe ASPM, so disable it
May 14 22:14:41 sec kernel: [    0.084737] ACPI: bus type PCI registered
May 14 22:14:41 sec kernel: [    0.084737] acpiphp: ACPI Hot Plug PCI Controller Driver version: 0.5
May 14 22:14:41 sec rsyslogd:  [origin software="rsyslogd" swVersion="8.34.0" x-pid="617" x-info="http://www.rsyslog.com"] start
May 14 22:14:41 sec kernel: [    0.084737] PCI: MMCONFIG for domain 0000 [bus 00-3f] at [mem 0xf8000000-0xfbffffff] (base 0xf8000000)
May 14 22:14:41 sec kernel: [    0.084737] PCI: MMCONFIG at [mem 0xf8000000-0xfbffffff] reserved in E820
May 14 22:14:41 sec kernel: [    0.084737] PCI: Using configuration type 1 for base access
May 14 22:14:41 sec kernel: [    0.084737] HugeTLB registered 1.00 GiB page size, pre-allocated 0 pages
May 14 22:14:41 sec kernel: [    0.084737] HugeTLB registered 2.00 MiB page size, pre-allocated 0 pages
May 14 22:14:41 sec kernel: [    0.084737] ACPI: Added _OSI(Module Device)
May 14 22:14:41 sec kernel: [    0.084737] ACPI: Added _OSI(Processor Device)
May 14 22:14:41 sec kernel: [    0.084737] ACPI: Added _OSI(3.0 _SCP Extensions)
May 14 22:14:41 sec kernel: [    0.084737] ACPI: Added _OSI(Processor Aggregator Device)
May 14 22:14:41 sec kernel: [    0.084781] ACPI: Executed 36 blocks of module-level executable AML code
May 14 22:14:41 sec kernel: [    0.094323] ACPI: [Firmware Bug]: BIOS _OSI(Linux) query ignored
May 14 22:14:41 sec kernel: [    0.096146] ACPI: Dynamic OEM Table Load:
May 14 22:14:41 sec kernel: [    0.096150] ACPI: SSDT 0xFFFF978F1BF1A800 000759 (v02 PmRef  Cpu0Ist  00003000 INTL 20160422)
May 14 22:14:41 sec kernel: [    0.096290] ACPI: Executed 1 blocks of module-level executable AML code
May 14 22:14:41 sec kernel: [    0.096328] ACPI: \_PR_.CPU0: _OSC native thermal LVT Acked
May 14 22:14:41 sec kernel: [    0.096837] ACPI: Dynamic OEM Table Load:
May 14 22:14:41 sec kernel: [    0.096841] ACPI: SSDT 0xFFFF978F1BEF3800 0003FF (v02 PmRef  Cpu0Cst  00003001 INTL 20160422)
May 14 22:14:41 sec kernel: [    0.096968] ACPI: Executed 1 blocks of module-level executable AML code
May 14 22:14:41 sec kernel: [    0.097021] ACPI: Dynamic OEM Table Load:
May 14 22:14:41 sec kernel: [    0.097021] ACPI: SSDT 0xFFFF978F1BC85800 00065C (v02 PmRef  ApIst    00003000 INTL 20160422)
May 14 22:14:41 sec kernel: [    0.097021] ACPI: Executed 1 blocks of module-level executable AML code
May 14 22:14:41 sec kernel: [    0.097021] ACPI: Dynamic OEM Table Load:
May 14 22:14:41 sec kernel: [    0.097021] ACPI: SSDT 0xFFFF978F1BCD6600 00018A (v02 PmRef  ApCst    00003000 INTL 20160422)
May 14 22:14:41 sec kernel: [    0.097021] ACPI: Executed 1 blocks of module-level executable AML code
May 14 22:14:41 sec kernel: [    0.097564] ACPI: Interpreter enabled
May 14 22:14:41 sec kernel: [    0.097590] ACPI: (supports S0 S3 S4 S5)
May 14 22:14:41 sec kernel: [    0.097591] ACPI: Using IOAPIC for interrupt routing
May 14 22:14:41 sec kernel: [    0.097616] PCI: Using host bridge windows from ACPI; if necessary, use "pci=nocrs" and report a bug
May 14 22:14:41 sec kernel: [    0.098210] ACPI: Enabled 6 GPEs in block 00 to 7F
May 14 22:14:41 sec kernel: [    0.099838] ACPI: Power Resource [PG00] (on)
May 14 22:14:41 sec kernel: [    0.100120] ACPI: Power Resource [PG01] (on)
May 14 22:14:41 sec kernel: [    0.100388] ACPI: Power Resource [PG02] (on)
May 14 22:14:41 sec kernel: [    0.102185] ACPI: Power Resource [WRST] (on)
May 14 22:14:41 sec kernel: [    0.102402] ACPI: Power Resource [WRST] (on)
May 14 22:14:41 sec kernel: [    0.102617] ACPI: Power Resource [WRST] (on)
May 14 22:14:41 sec kernel: [    0.102833] ACPI: Power Resource [WRST] (on)
May 14 22:14:41 sec kernel: [    0.103048] ACPI: Power Resource [WRST] (on)
May 14 22:14:41 sec kernel: [    0.103263] ACPI: Power Resource [WRST] (on)
May 14 22:14:41 sec kernel: [    0.103477] ACPI: Power Resource [WRST] (on)
May 14 22:14:41 sec kernel: [    0.103693] ACPI: Power Resource [WRST] (on)
May 14 22:14:41 sec kernel: [    0.103910] ACPI: Power Resource [WRST] (on)
May 14 22:14:41 sec kernel: [    0.104130] ACPI: Power Resource [WRST] (on)
May 14 22:14:41 sec kernel: [    0.104358] ACPI: Power Resource [WRST] (on)
May 14 22:14:41 sec kernel: [    0.104573] ACPI: Power Resource [WRST] (on)
May 14 22:14:41 sec kernel: [    0.104789] ACPI: Power Resource [WRST] (on)
May 14 22:14:41 sec kernel: [    0.105003] ACPI: Power Resource [WRST] (on)
May 14 22:14:41 sec kernel: [    0.105218] ACPI: Power Resource [WRST] (on)
May 14 22:14:41 sec kernel: [    0.105433] ACPI: Power Resource [WRST] (on)
May 14 22:14:41 sec kernel: [    0.105647] ACPI: Power Resource [WRST] (on)
May 14 22:14:41 sec kernel: [    0.106468] ACPI: Power Resource [WRST] (on)
May 14 22:14:41 sec kernel: [    0.106683] ACPI: Power Resource [WRST] (on)
May 14 22:14:41 sec kernel: [    0.106899] ACPI: Power Resource [WRST] (on)
May 14 22:14:41 sec kernel: [    0.120352] ACPI: Power Resource [FN00] (off)
May 14 22:14:41 sec kernel: [    0.120404] ACPI: Power Resource [FN01] (off)
May 14 22:14:41 sec kernel: [    0.120453] ACPI: Power Resource [FN02] (off)
May 14 22:14:41 sec kernel: [    0.120503] ACPI: Power Resource [FN03] (off)
May 14 22:14:41 sec kernel: [    0.120552] ACPI: Power Resource [FN04] (off)
May 14 22:14:41 sec kernel: [    0.121301] ACPI: PCI Root Bridge [PCI0] (domain 0000 [bus 00-3e])
May 14 22:14:41 sec kernel: [    0.121305] acpi PNP0A08:00: _OSC: OS supports [ExtendedConfig ASPM ClockPM Segments MSI]
May 14 22:14:41 sec kernel: [    0.121327] acpi PNP0A08:00: _OSC failed (AE_ERROR); disabling ASPM
May 14 22:14:41 sec kernel: [    0.121793] PCI host bridge to bus 0000:00
May 14 22:14:41 sec kernel: [    0.121794] pci_bus 0000:00: root bus resource [io  0x0000-0x0cf7 window]
May 14 22:14:41 sec kernel: [    0.121795] pci_bus 0000:00: root bus resource [io  0x0d00-0xffff window]
May 14 22:14:41 sec kernel: [    0.121796] pci_bus 0000:00: root bus resource [mem 0x000a0000-0x000bffff window]
May 14 22:14:41 sec kernel: [    0.121797] pci_bus 0000:00: root bus resource [mem 0xd0000000-0xf7ffffff window]
May 14 22:14:41 sec kernel: [    0.121798] pci_bus 0000:00: root bus resource [mem 0xfd000000-0xfe7fffff window]
May 14 22:14:41 sec kernel: [    0.121799] pci_bus 0000:00: root bus resource [bus 00-3e]
May 14 22:14:41 sec kernel: [    0.124669] pci 0000:00:1b.0: PCI bridge to [bus 01]
May 14 22:14:41 sec kernel: [    0.124960] pci 0000:00:1c.0: PCI bridge to [bus 02]
May 14 22:14:41 sec kernel: [    0.125006] pci 0000:00:1c.5: PCI bridge to [bus 03]
May 14 22:14:41 sec kernel: [    0.125049] pci 0000:00:1c.6: PCI bridge to [bus 04]
May 14 22:14:41 sec kernel: [    0.125091] pci 0000:00:1c.7: PCI bridge to [bus 05]
May 14 22:14:41 sec kernel: [    0.125136] pci 0000:00:1d.0: PCI bridge to [bus 06]
May 14 22:14:41 sec kernel: [    0.126527] ACPI: PCI Interrupt Link [LNKA] (IRQs 3 4 5 6 10 *11 12 14 15)
May 14 22:14:41 sec kernel: [    0.126562] ACPI: PCI Interrupt Link [LNKB] (IRQs 3 4 5 6 *10 11 12 14 15)
May 14 22:14:41 sec kernel: [    0.126597] ACPI: PCI Interrupt Link [LNKC] (IRQs 3 4 5 6 10 *11 12 14 15)
May 14 22:14:41 sec kernel: [    0.126631] ACPI: PCI Interrupt Link [LNKD] (IRQs 3 4 5 6 10 *11 12 14 15)
May 14 22:14:41 sec kernel: [    0.126664] ACPI: PCI Interrupt Link [LNKE] (IRQs 3 4 5 6 10 *11 12 14 15)
May 14 22:14:41 sec kernel: [    0.126698] ACPI: PCI Interrupt Link [LNKF] (IRQs 3 4 5 6 10 *11 12 14 15)
May 14 22:14:41 sec kernel: [    0.126733] ACPI: PCI Interrupt Link [LNKG] (IRQs 3 4 5 6 10 *11 12 14 15)
May 14 22:14:41 sec kernel: [    0.126766] ACPI: PCI Interrupt Link [LNKH] (IRQs 3 4 5 6 10 *11 12 14 15)
May 14 22:14:41 sec kernel: [    0.127110] pci 0000:00:02.0: vgaarb: setting as boot VGA device
May 14 22:14:41 sec kernel: [    0.127110] pci 0000:00:02.0: vgaarb: VGA device added: decodes=io+mem,owns=io+mem,locks=none
May 14 22:14:41 sec kernel: [    0.127110] pci 0000:00:02.0: vgaarb: bridge control possible
May 14 22:14:41 sec kernel: [    0.127110] vgaarb: loaded
May 14 22:14:41 sec kernel: [    0.127110] EDAC MC: Ver: 3.0.0
May 14 22:14:41 sec kernel: [    0.127110] PCI: Using ACPI for IRQ routing
May 14 22:14:41 sec kernel: [    0.133620] hpet0: at MMIO 0xfed00000, IRQs 2, 8, 0, 0, 0, 0, 0, 0
May 14 22:14:41 sec kernel: [    0.133620] hpet0: 8 comparators, 64-bit 24.000000 MHz counter
May 14 22:14:41 sec kernel: [    0.134141] clocksource: Switched to clocksource hpet
May 14 22:14:41 sec kernel: [    0.137182] VFS: Disk quotas dquot_6.6.0
May 14 22:14:41 sec kernel: [    0.137192] VFS: Dquot-cache hash table entries: 512 (order 0, 4096 bytes)
May 14 22:14:41 sec kernel: [    0.137246] AppArmor: AppArmor Filesystem Enabled
May 14 22:14:41 sec kernel: [    0.137253] pnp: PnP ACPI init
May 14 22:14:41 sec kernel: [    0.137415] system 00:00: [io  0x0a00-0x0a2f] has been reserved
May 14 22:14:41 sec kernel: [    0.137416] system 00:00: [io  0x0a30-0x0a3f] has been reserved
May 14 22:14:41 sec kernel: [    0.137417] system 00:00: [io  0x0a40-0x0a4f] has been reserved
May 14 22:14:41 sec kernel: [    0.137824] system 00:02: [io  0x0680-0x069f] has been reserved
May 14 22:14:41 sec kernel: [    0.137825] system 00:02: [io  0xffff] has been reserved
May 14 22:14:41 sec kernel: [    0.137826] system 00:02: [io  0xffff] has been reserved
May 14 22:14:41 sec kernel: [    0.137827] system 00:02: [io  0xffff] has been reserved
May 14 22:14:41 sec kernel: [    0.137828] system 00:02: [io  0x1800-0x18fe] has been reserved
May 14 22:14:41 sec kernel: [    0.137828] system 00:02: [io  0x164e-0x164f] has been reserved
May 14 22:14:41 sec kernel: [    0.137888] system 00:03: [io  0x0800-0x087f] has been reserved
May 14 22:14:41 sec kernel: [    0.137919] system 00:05: [io  0x1854-0x1857] has been reserved
May 14 22:14:41 sec kernel: [    0.138056] system 00:06: [mem 0xfed10000-0xfed17fff] has been reserved
May 14 22:14:41 sec kernel: [    0.138057] system 00:06: [mem 0xfed18000-0xfed18fff] has been reserved
May 14 22:14:41 sec kernel: [    0.138058] system 00:06: [mem 0xfed19000-0xfed19fff] has been reserved
May 14 22:14:41 sec kernel: [    0.138059] system 00:06: [mem 0xf8000000-0xfbffffff] has been reserved
May 14 22:14:41 sec kernel: [    0.138060] system 00:06: [mem 0xfed20000-0xfed3ffff] has been reserved
May 14 22:14:41 sec kernel: [    0.138061] system 00:06: [mem 0xfed90000-0xfed93fff] could not be reserved
May 14 22:14:41 sec kernel: [    0.138062] system 00:06: [mem 0xfed45000-0xfed8ffff] has been reserved
May 14 22:14:41 sec kernel: [    0.138063] system 00:06: [mem 0xff000000-0xffffffff] has been reserved
May 14 22:14:41 sec kernel: [    0.138064] system 00:06: [mem 0xfee00000-0xfeefffff] could not be reserved
May 14 22:14:41 sec kernel: [    0.138065] system 00:06: [mem 0xf7fe0000-0xf7ffffff] has been reserved
May 14 22:14:41 sec kernel: [    0.138088] system 00:07: [mem 0xfd000000-0xfdabffff] has been reserved
May 14 22:14:41 sec kernel: [    0.138089] system 00:07: [mem 0xfdad0000-0xfdadffff] has been reserved
May 14 22:14:41 sec kernel: [    0.138089] system 00:07: [mem 0xfdb00000-0xfdffffff] has been reserved
May 14 22:14:41 sec kernel: [    0.138090] system 00:07: [mem 0xfe000000-0xfe01ffff] could not be reserved
May 14 22:14:41 sec kernel: [    0.138091] system 00:07: [mem 0xfe036000-0xfe03bfff] has been reserved
May 14 22:14:41 sec kernel: [    0.138092] system 00:07: [mem 0xfe03d000-0xfe3fffff] has been reserved
May 14 22:14:41 sec kernel: [    0.138093] system 00:07: [mem 0xfe410000-0xfe7fffff] has been reserved
May 14 22:14:41 sec kernel: [    0.138286] system 00:08: [io  0xff00-0xfffe] has been reserved
May 14 22:14:41 sec kernel: [    0.139027] system 00:09: [mem 0xfdaf0000-0xfdafffff] has been reserved
May 14 22:14:41 sec kernel: [    0.139028] system 00:09: [mem 0xfdae0000-0xfdaeffff] has been reserved
May 14 22:14:41 sec kernel: [    0.139028] system 00:09: [mem 0xfdac0000-0xfdacffff] has been reserved
May 14 22:14:41 sec kernel: [    0.139584] pnp: PnP ACPI: found 10 devices
May 14 22:14:41 sec kernel: [    0.146622] clocksource: acpi_pm: mask: 0xffffff max_cycles: 0xffffff, max_idle_ns: 2085701024 ns
May 14 22:14:41 sec kernel: [    0.146647] pci 0000:00:1b.0: PCI bridge to [bus 01]
May 14 22:14:41 sec kernel: [    0.146654] pci 0000:00:1c.0: PCI bridge to [bus 02]
May 14 22:14:41 sec kernel: [    0.146655] pci 0000:00:1c.0:   bridge window [io  0xe000-0xefff]
May 14 22:14:41 sec kernel: [    0.146658] pci 0000:00:1c.0:   bridge window [mem 0xf7000000-0xf70fffff]
May 14 22:14:41 sec kernel: [    0.146660] pci 0000:00:1c.0:   bridge window [mem 0xf0000000-0xf00fffff 64bit pref]
May 14 22:14:41 sec kernel: [    0.146662] pci 0000:00:1c.5: PCI bridge to [bus 03]
May 14 22:14:41 sec kernel: [    0.146668] pci 0000:00:1c.6: PCI bridge to [bus 04]
May 14 22:14:41 sec kernel: [    0.146674] pci 0000:00:1c.7: PCI bridge to [bus 05]
May 14 22:14:41 sec kernel: [    0.146679] pci 0000:00:1d.0: PCI bridge to [bus 06]
May 14 22:14:41 sec kernel: [    0.146778] NET: Registered protocol family 2
May 14 22:14:41 sec kernel: [    0.146864] TCP established hash table entries: 131072 (order: 8, 1048576 bytes)
May 14 22:14:41 sec kernel: [    0.147011] TCP bind hash table entries: 65536 (order: 8, 1048576 bytes)
May 14 22:14:41 sec kernel: [    0.147148] TCP: Hash tables configured (established 131072 bind 65536)
May 14 22:14:41 sec kernel: [    0.147172] UDP hash table entries: 8192 (order: 6, 262144 bytes)
May 14 22:14:41 sec kernel: [    0.147210] UDP-Lite hash table entries: 8192 (order: 6, 262144 bytes)
May 14 22:14:41 sec kernel: [    0.147273] NET: Registered protocol family 1
May 14 22:14:41 sec kernel: [    0.147279] pci 0000:00:02.0: Video device with shadowed ROM at [mem 0x000c0000-0x000dffff]
May 14 22:14:41 sec kernel: [    0.147915] Unpacking initramfs...
May 14 22:14:41 sec kernel: [    0.457456] Freeing initrd memory: 32464K
May 14 22:14:41 sec kernel: [    0.457522] PCI-DMA: Using software bounce buffering for IO (SWIOTLB)
May 14 22:14:41 sec kernel: [    0.457525] software IO TLB [mem 0xc5eb7000-0xc9eb7000] (64MB) mapped at [ffff978bc5eb7000-ffff978bc9eb6fff]
May 14 22:14:41 sec kernel: [    0.457543] clocksource: tsc: mask: 0xffffffffffffffff max_cycles: 0x33e452fbb2f, max_idle_ns: 440795236593 ns
May 14 22:14:41 sec kernel: [    0.457910] audit: initializing netlink subsys (disabled)
May 14 22:14:41 sec kernel: [    0.457994] audit: type=2000 audit(1526336079.456:1): state=initialized audit_enabled=0 res=1
May 14 22:14:41 sec kernel: [    0.458209] workingset: timestamp_bits=40 max_order=22 bucket_order=0
May 14 22:14:41 sec kernel: [    0.458377] zbud: loaded
May 14 22:14:41 sec kernel: [    0.618765] Key type asymmetric registered
May 14 22:14:41 sec kernel: [    0.618765] Asymmetric key parser 'x509' registered
May 14 22:14:41 sec kernel: [    0.618773] Block layer SCSI generic (bsg) driver version 0.4 loaded (major 249)
May 14 22:14:41 sec kernel: [    0.618819] io scheduler noop registered
May 14 22:14:41 sec kernel: [    0.618819] io scheduler deadline registered
May 14 22:14:41 sec kernel: [    0.618828] io scheduler cfq registered (default)
May 14 22:14:41 sec kernel: [    0.618828] io scheduler mq-deadline registered
May 14 22:14:41 sec kernel: [    0.620141] Serial: 8250/16550 driver, 4 ports, IRQ sharing enabled
May 14 22:14:41 sec kernel: [    0.640908] 00:01: ttyS0 at I/O 0x3f8 (irq = 4, base_baud = 115200) is a 16550A
May 14 22:14:41 sec kernel: [    0.641274] Linux agpgart interface v0.103
May 14 22:14:41 sec kernel: [    0.641302] AMD IOMMUv2 driver by Joerg Roedel <jroedel@suse.de>
May 14 22:14:41 sec kernel: [    0.641302] AMD IOMMUv2 functionality not available on this system
May 14 22:14:41 sec kernel: [    0.641808] i8042: PNP: No PS/2 controller found.
May 14 22:14:41 sec kernel: [    0.641945] mousedev: PS/2 mouse device common for all mice
May 14 22:14:41 sec kernel: [    0.641964] rtc_cmos 00:04: RTC can wake from S4
May 14 22:14:41 sec kernel: [    0.642366] rtc_cmos 00:04: rtc core: registered rtc_cmos as rtc0
May 14 22:14:41 sec kernel: [    0.642447] rtc_cmos 00:04: alarms up to one month, y3k, 242 bytes nvram, hpet irqs
May 14 22:14:41 sec kernel: [    0.642451] intel_pstate: Intel P-state driver initializing
May 14 22:14:41 sec kernel: [    0.643342] intel_pstate: HWP enabled
May 14 22:14:41 sec kernel: [    0.643678] ledtrig-cpu: registered to indicate activity on CPUs
May 14 22:14:41 sec kernel: [    0.643937] NET: Registered protocol family 10
May 14 22:14:41 sec kernel: [    0.644127] Segment Routing with IPv6
May 14 22:14:41 sec kernel: [    0.644134] mip6: Mobile IPv6
May 14 22:14:41 sec kernel: [    0.644135] NET: Registered protocol family 17
May 14 22:14:41 sec kernel: [    0.644136] mpls_gso: MPLS GSO support
May 14 22:14:41 sec kernel: [    0.644861] microcode: sig=0x906e9, pf=0x2, revision=0x84
May 14 22:14:41 sec kernel: [    0.645139] microcode: Microcode Update Driver: v2.2.
May 14 22:14:41 sec kernel: [    0.645157] sched_clock: Marking stable (645137313, 0)->(651697788, -6560475)
May 14 22:14:41 sec kernel: [    0.645458] registered taskstats version 1
May 14 22:14:41 sec kernel: [    0.645467] zswap: loaded using pool lzo/zbud
May 14 22:14:41 sec kernel: [    0.645589] AppArmor: AppArmor sha1 policy hashing enabled
May 14 22:14:41 sec kernel: [    0.645590] ima: No TPM chip found, activating TPM-bypass! (rc=-19)
May 14 22:14:41 sec kernel: [    0.646393] rtc_cmos 00:04: setting system clock to 2018-05-14 22:14:39 UTC (1526336079)
May 14 22:14:41 sec kernel: [    0.647302] Freeing unused kernel memory: 1512K
May 14 22:14:41 sec kernel: [    0.647302] Write protecting the kernel read-only data: 16384k
May 14 22:14:41 sec kernel: [    0.647752] Freeing unused kernel memory: 2012K
May 14 22:14:41 sec kernel: [    0.648840] Freeing unused kernel memory: 1056K
May 14 22:14:41 sec kernel: [    0.651475] x86/mm: Checked W+X mappings: passed, no W+X pages found.
May 14 22:14:41 sec kernel: [    0.651475] x86/mm: Checking user space page tables
May 14 22:14:41 sec kernel: [    0.654257] x86/mm: Checked W+X mappings: passed, no W+X pages found.
May 14 22:14:41 sec kernel: [    0.729507] (NULL device *): hwmon_device_register() is deprecated. Please convert the driver to use hwmon_device_register_with_info().
May 14 22:14:41 sec kernel: [    0.729548] thermal LNXTHERM:00: registered as thermal_zone0
May 14 22:14:41 sec kernel: [    0.729549] ACPI: Thermal Zone [TZ00] (28 C)
May 14 22:14:41 sec kernel: [    0.729678] thermal LNXTHERM:01: registered as thermal_zone1
May 14 22:14:41 sec kernel: [    0.729678] ACPI: Thermal Zone [TZ01] (30 C)
May 14 22:14:41 sec kernel: [    0.732622] SCSI subsystem initialized
May 14 22:14:41 sec kernel: [    0.734377] ACPI: bus type USB registered
May 14 22:14:41 sec kernel: [    0.734378] r8169 Gigabit Ethernet driver 2.3LK-NAPI loaded
May 14 22:14:41 sec kernel: [    0.734384] r8169 0000:02:00.0: can't disable ASPM; OS doesn't have ASPM control
May 14 22:14:41 sec kernel: [    0.734390] usbcore: registered new interface driver usbfs
May 14 22:14:41 sec kernel: [    0.734396] usbcore: registered new interface driver hub
May 14 22:14:41 sec kernel: [    0.734420] usbcore: registered new device driver usb
May 14 22:14:41 sec kernel: [    0.734644] i801_smbus 0000:00:1f.4: SPD Write Disable is set
May 14 22:14:41 sec kernel: [    0.734697] i801_smbus 0000:00:1f.4: SMBus using PCI interrupt
May 14 22:14:41 sec kernel: [    0.737912] xhci_hcd 0000:00:14.0: xHCI Host Controller
May 14 22:14:41 sec kernel: [    0.737916] xhci_hcd 0000:00:14.0: new USB bus registered, assigned bus number 1
May 14 22:14:41 sec kernel: [    0.738558] AVX2 version of gcm_enc/dec engaged.
May 14 22:14:41 sec kernel: [    0.738558] AES CTR mode by8 optimization enabled
May 14 22:14:41 sec kernel: [    0.739094] xhci_hcd 0000:00:14.0: hcc params 0x200077c1 hci version 0x100 quirks 0x00009810
May 14 22:14:41 sec kernel: [    0.739236] usb usb1: New USB device found, idVendor=1d6b, idProduct=0002
May 14 22:14:41 sec kernel: [    0.739238] usb usb1: New USB device strings: Mfr=3, Product=2, SerialNumber=1
May 14 22:14:41 sec kernel: [    0.739239] usb usb1: Product: xHCI Host Controller
May 14 22:14:41 sec kernel: [    0.739240] usb usb1: Manufacturer: Linux 4.14.0-kali3-amd64 xhci-hcd
May 14 22:14:41 sec kernel: [    0.739241] usb usb1: SerialNumber: 0000:00:14.0
May 14 22:14:41 sec kernel: [    0.739331] hub 1-0:1.0: USB hub found
May 14 22:14:41 sec kernel: [    0.739366] hub 1-0:1.0: 12 ports detected
May 14 22:14:41 sec kernel: [    0.740526] xhci_hcd 0000:00:14.0: xHCI Host Controller
May 14 22:14:41 sec kernel: [    0.740529] xhci_hcd 0000:00:14.0: new USB bus registered, assigned bus number 2
May 14 22:14:41 sec kernel: [    0.740566] usb usb2: New USB device found, idVendor=1d6b, idProduct=0003
May 14 22:14:41 sec kernel: [    0.740567] usb usb2: New USB device strings: Mfr=3, Product=2, SerialNumber=1
May 14 22:14:41 sec kernel: [    0.740568] usb usb2: Product: xHCI Host Controller
May 14 22:14:41 sec kernel: [    0.740569] usb usb2: Manufacturer: Linux 4.14.0-kali3-amd64 xhci-hcd
May 14 22:14:41 sec kernel: [    0.740570] usb usb2: SerialNumber: 0000:00:14.0
May 14 22:14:41 sec kernel: [    0.740646] hub 2-0:1.0: USB hub found
May 14 22:14:41 sec kernel: [    0.740657] hub 2-0:1.0: 6 ports detected
May 14 22:14:41 sec kernel: [    0.741646] ahci 0000:00:17.0: AHCI 0001.0301 32 slots 6 ports 6 Gbps 0x3f impl SATA mode
May 14 22:14:41 sec kernel: [    0.741648] ahci 0000:00:17.0: flags: 64bit ncq sntf pm led clo only pio slum part ems deso sadm sds apst 
May 14 22:14:41 sec kernel: [    0.744989] r8169 0000:02:00.0 eth0: RTL8168g/8111g at 0xffffb455c18f9000, 1c:1b:0d:e7:ce:34, XID 0c000800 IRQ 124
May 14 22:14:41 sec kernel: [    0.744991] r8169 0000:02:00.0 eth0: jumbo features [frames: 9200 bytes, tx checksumming: ko]
May 14 22:14:41 sec kernel: [    0.747812] alg: No test for pcbc(aes) (pcbc-aes-aesni)
May 14 22:14:41 sec kernel: [    0.801932] scsi host0: ahci
May 14 22:14:41 sec kernel: [    0.802394] scsi host1: ahci
May 14 22:14:41 sec kernel: [    0.802769] scsi host2: ahci
May 14 22:14:41 sec kernel: [    0.803105] scsi host3: ahci
May 14 22:14:41 sec kernel: [    0.803377] scsi host4: ahci
May 14 22:14:41 sec kernel: [    0.803629] scsi host5: ahci
May 14 22:14:41 sec kernel: [    0.803723] ata1: SATA max UDMA/133 abar m2048@0xf712b000 port 0xf712b100 irq 123
May 14 22:14:41 sec kernel: [    0.803726] ata2: SATA max UDMA/133 abar m2048@0xf712b000 port 0xf712b180 irq 123
May 14 22:14:41 sec kernel: [    0.803730] ata3: SATA max UDMA/133 abar m2048@0xf712b000 port 0xf712b200 irq 123
May 14 22:14:41 sec kernel: [    0.803733] ata4: SATA max UDMA/133 abar m2048@0xf712b000 port 0xf712b280 irq 123
May 14 22:14:41 sec kernel: [    0.803737] ata5: SATA max UDMA/133 abar m2048@0xf712b000 port 0xf712b300 irq 123
May 14 22:14:41 sec kernel: [    0.803740] ata6: SATA max UDMA/133 abar m2048@0xf712b000 port 0xf712b380 irq 123
May 14 22:14:41 sec kernel: [    1.076063] usb 1-2: new full-speed USB device number 2 using xhci_hcd
May 14 22:14:41 sec kernel: [    1.118340] ata3: SATA link down (SStatus 4 SControl 300)
May 14 22:14:41 sec kernel: [    1.118371] ata6: SATA link down (SStatus 4 SControl 300)
May 14 22:14:41 sec kernel: [    1.118417] ata5: SATA link up 6.0 Gbps (SStatus 133 SControl 300)
May 14 22:14:41 sec kernel: [    1.118456] ata1: SATA link up 6.0 Gbps (SStatus 133 SControl 300)
May 14 22:14:41 sec kernel: [    1.118488] ata4: SATA link down (SStatus 4 SControl 300)
May 14 22:14:41 sec kernel: [    1.118522] ata2: SATA link down (SStatus 4 SControl 300)
May 14 22:14:41 sec kernel: [    1.119669] ata1.00: ATA-11: KINGSTON SUV400S37240G, 0C3FD6SD, max UDMA/133
May 14 22:14:41 sec kernel: [    1.119675] ata1.00: 468862128 sectors, multi 16: LBA48 NCQ (depth 31/32), AA
May 14 22:14:41 sec kernel: [    1.120097] ata5.00: ATA-9: ST2000DM006-2DM164, CC26, max UDMA/133
May 14 22:14:41 sec kernel: [    1.120102] ata5.00: 3907029168 sectors, multi 16: LBA48 NCQ (depth 31/32), AA
May 14 22:14:41 sec kernel: [    1.120674] ata1.00: configured for UDMA/133
May 14 22:14:41 sec kernel: [    1.121154] scsi 0:0:0:0: Direct-Access     ATA      KINGSTON SUV400S D6SD PQ: 0 ANSI: 5
May 14 22:14:41 sec kernel: [    1.122062] ata5.00: configured for UDMA/133
May 14 22:14:41 sec kernel: [    1.122361] scsi 4:0:0:0: Direct-Access     ATA      ST2000DM006-2DM1 CC26 PQ: 0 ANSI: 5
May 14 22:14:41 sec kernel: [    1.128732] sd 0:0:0:0: [sda] 468862128 512-byte logical blocks: (240 GB/224 GiB)
May 14 22:14:41 sec kernel: [    1.128739] sd 0:0:0:0: [sda] 4096-byte physical blocks
May 14 22:14:41 sec kernel: [    1.128762] sd 0:0:0:0: [sda] Write Protect is off
May 14 22:14:41 sec kernel: [    1.128789] sd 4:0:0:0: [sdb] 3907029168 512-byte logical blocks: (2.00 TB/1.82 TiB)
May 14 22:14:41 sec kernel: [    1.128795] sd 4:0:0:0: [sdb] 4096-byte physical blocks
May 14 22:14:41 sec kernel: [    1.128804] sd 0:0:0:0: [sda] Write cache: enabled, read cache: enabled, doesn't support DPO or FUA
May 14 22:14:41 sec kernel: [    1.128816] sd 4:0:0:0: [sdb] Write Protect is off
May 14 22:14:41 sec kernel: [    1.128856] sd 4:0:0:0: [sdb] Write cache: enabled, read cache: enabled, doesn't support DPO or FUA
May 14 22:14:41 sec kernel: [    1.130590]  sda: sda1 sda2 < sda5 sda6 sda7 sda8 >
May 14 22:14:41 sec kernel: [    1.131574] sd 0:0:0:0: [sda] Attached SCSI disk
May 14 22:14:41 sec kernel: [    1.162357]  sdb: sdb1 sdb2 sdb3 sdb4 < sdb5 >
May 14 22:14:41 sec kernel: [    1.163264] sd 4:0:0:0: [sdb] Attached SCSI disk
May 14 22:14:41 sec kernel: [    1.230803] usb 1-2: New USB device found, idVendor=062a, idProduct=4101
May 14 22:14:41 sec kernel: [    1.230809] usb 1-2: New USB device strings: Mfr=1, Product=2, SerialNumber=0
May 14 22:14:41 sec kernel: [    1.230813] usb 1-2: Product: 2.4G Keyboard Mouse
May 14 22:14:41 sec kernel: [    1.230816] usb 1-2: Manufacturer: MOSART Semi.
May 14 22:14:41 sec kernel: [    1.238912] hidraw: raw HID events driver (C) Jiri Kosina
May 14 22:14:41 sec kernel: [    1.244638] usbcore: registered new interface driver usbhid
May 14 22:14:41 sec kernel: [    1.244640] usbhid: USB HID core driver
May 14 22:14:41 sec kernel: [    1.247244] input: MOSART Semi. 2.4G Keyboard Mouse as /devices/pci0000:00/0000:00:14.0/usb1/1-2/1-2:1.0/0003:062A:4101.0001/input/input0
May 14 22:14:41 sec kernel: [    1.304427] hid-generic 0003:062A:4101.0001: input,hidraw0: USB HID v1.10 Keyboard [MOSART Semi. 2.4G Keyboard Mouse] on usb-0000:00:14.0-2/input0
May 14 22:14:41 sec kernel: [    1.305003] input: MOSART Semi. 2.4G Keyboard Mouse as /devices/pci0000:00/0000:00:14.0/usb1/1-2/1-2:1.1/0003:062A:4101.0002/input/input1
May 14 22:14:41 sec kernel: [    1.356264] usb 1-5: new high-speed USB device number 3 using xhci_hcd
May 14 22:14:41 sec kernel: [    1.364911] hid-generic 0003:062A:4101.0002: input,hiddev0,hidraw1: USB HID v1.10 Mouse [MOSART Semi. 2.4G Keyboard Mouse] on usb-0000:00:14.0-2/input1
May 14 22:14:41 sec kernel: [    1.472557] clocksource: Switched to clocksource tsc
May 14 22:14:41 sec kernel: [    1.521793] usb 1-5: New USB device found, idVendor=148f, idProduct=2070
May 14 22:14:41 sec kernel: [    1.521799] usb 1-5: New USB device strings: Mfr=1, Product=2, SerialNumber=3
May 14 22:14:41 sec kernel: [    1.521802] usb 1-5: Product: 802.11 g WLAN
May 14 22:14:41 sec kernel: [    1.521806] usb 1-5: Manufacturer: Ralink
May 14 22:14:41 sec kernel: [    1.521810] usb 1-5: SerialNumber: 1.0
May 14 22:14:41 sec kernel: [    1.766271] PM: Starting manual resume from disk
May 14 22:14:41 sec kernel: [    1.902765] EXT4-fs (sda1): mounted filesystem with ordered data mode. Opts: (null)
May 14 22:14:41 sec kernel: [    2.101510] ip_tables: (C) 2000-2006 Netfilter Core Team
May 14 22:14:41 sec kernel: [    2.265165] EXT4-fs (sda1): re-mounted. Opts: errors=remount-ro
May 14 22:14:41 sec kernel: [    2.339762] input: Sleep Button as /devices/LNXSYSTM:00/LNXSYBUS:00/PNP0C0E:00/input/input2
May 14 22:14:41 sec kernel: [    2.339769] ACPI: Sleep Button [SLPB]
May 14 22:14:41 sec kernel: [    2.339808] input: Power Button as /devices/LNXSYSTM:00/LNXSYBUS:00/PNP0C0C:00/input/input3
May 14 22:14:41 sec kernel: [    2.339814] ACPI: Power Button [PWRB]
May 14 22:14:41 sec kernel: [    2.339836] input: Power Button as /devices/LNXSYSTM:00/LNXPWRBN:00/input/input4
May 14 22:14:41 sec kernel: [    2.339848] ACPI: Power Button [PWRF]
May 14 22:14:41 sec kernel: [    2.362347] input: PC Speaker as /devices/platform/pcspkr/input/input5
May 14 22:14:41 sec kernel: [    2.368053] RAPL PMU: API unit is 2^-32 Joules, 5 fixed counters, 655360 ms ovfl timer
May 14 22:14:41 sec kernel: [    2.368054] RAPL PMU: hw unit of domain pp0-core 2^-14 Joules
May 14 22:14:41 sec kernel: [    2.368054] RAPL PMU: hw unit of domain package 2^-14 Joules
May 14 22:14:41 sec kernel: [    2.368054] RAPL PMU: hw unit of domain dram 2^-14 Joules
May 14 22:14:41 sec kernel: [    2.368055] RAPL PMU: hw unit of domain pp1-gpu 2^-14 Joules
May 14 22:14:41 sec kernel: [    2.368055] RAPL PMU: hw unit of domain psys 2^-14 Joules
May 14 22:14:41 sec kernel: [    2.372398] shpchp: Standard Hot Plug PCI Controller Driver version: 0.4
May 14 22:14:41 sec kernel: [    2.373674] iTCO_vendor_support: vendor-support=0
May 14 22:14:41 sec kernel: [    2.373939] sd 0:0:0:0: Attached scsi generic sg0 type 0
May 14 22:14:41 sec kernel: [    2.373962] sd 4:0:0:0: Attached scsi generic sg1 type 0
May 14 22:14:41 sec kernel: [    2.379285] random: crng init done
May 14 22:14:41 sec kernel: [    2.412441] iTCO_wdt: Intel TCO WatchDog Timer Driver v1.11
May 14 22:14:41 sec kernel: [    2.412567] iTCO_wdt: Found a Intel PCH TCO device (Version=4, TCOBASE=0x0400)
May 14 22:14:41 sec kernel: [    2.412656] iTCO_wdt: initialized. heartbeat=30 sec (nowayout=0)
May 14 22:14:41 sec kernel: [    2.414748] mei_me 0000:00:16.0: enabling device (0000 -> 0002)
May 14 22:14:41 sec kernel: [    2.423939] Adding 16661500k swap on /dev/sda6.  Priority:-2 extents:1 across:16661500k SSFS
May 14 22:14:41 sec kernel: [    2.486737] EXT4-fs (sda7): mounted filesystem with ordered data mode. Opts: (null)
May 14 22:14:41 sec kernel: [    2.489202] EXT4-fs (sda5): mounted filesystem with ordered data mode. Opts: (null)
May 14 22:14:41 sec kernel: [    2.498048] EXT4-fs (sda8): mounted filesystem with ordered data mode. Opts: (null)
May 14 22:14:41 sec kernel: [    2.531394] [drm] Memory usable by graphics device = 4096M
May 14 22:14:41 sec kernel: [    2.531396] [drm] Replacing VGA console driver
May 14 22:14:41 sec kernel: [    2.532859] Console: switching to colour dummy device 80x25
May 14 22:14:41 sec kernel: [    2.539648] [drm] Supports vblank timestamp caching Rev 2 (21.10.2013).
May 14 22:14:41 sec kernel: [    2.539649] [drm] Driver supports precise vblank timestamp query.
May 14 22:14:41 sec kernel: [    2.541706] i915 0000:00:02.0: vgaarb: changed VGA decodes: olddecodes=io+mem,decodes=io+mem:owns=io+mem
May 14 22:14:41 sec kernel: [    2.543147] [drm] Initialized i915 1.6.0 20170818 for 0000:00:02.0 on minor 0
May 14 22:14:41 sec kernel: [    2.544373] ACPI: Video Device [GFX0] (multi-head: yes  rom: no  post: no)
May 14 22:14:41 sec kernel: [    2.544748] acpi device:0f: registered as cooling_device13
May 14 22:14:41 sec kernel: [    2.544802] input: Video Bus as /devices/LNXSYSTM:00/LNXSYBUS:00/PNP0A08:00/LNXVIDEO:00/input/input6
May 14 22:14:41 sec kernel: [    2.547074] i915 0000:00:02.0: firmware: direct-loading firmware i915/kbl_dmc_ver1_01.bin
May 14 22:14:41 sec kernel: [    2.547356] [drm] Finished loading DMC firmware i915/kbl_dmc_ver1_01.bin (v1.1)
May 14 22:14:41 sec kernel: [    2.560086] intel_rapl: Found RAPL domain package
May 14 22:14:41 sec kernel: [    2.560087] intel_rapl: Found RAPL domain core
May 14 22:14:41 sec kernel: [    2.560088] intel_rapl: Found RAPL domain uncore
May 14 22:14:41 sec kernel: [    2.560088] intel_rapl: Found RAPL domain dram
May 14 22:14:41 sec kernel: [    2.598075] snd_hda_intel 0000:00:1f.3: bound 0000:00:02.0 (ops i915_audio_component_bind_ops [i915])
May 14 22:14:41 sec kernel: [    2.598207] fbcon: inteldrmfb (fb0) is primary device
May 14 22:14:41 sec kernel: [    2.620808] snd_hda_codec_realtek hdaudioC0D0: autoconfig for ALC887-VD: line_outs=1 (0x14/0x0/0x0/0x0/0x0) type:line
May 14 22:14:41 sec kernel: [    2.620810] snd_hda_codec_realtek hdaudioC0D0:    speaker_outs=0 (0x0/0x0/0x0/0x0/0x0)
May 14 22:14:41 sec kernel: [    2.620810] snd_hda_codec_realtek hdaudioC0D0:    hp_outs=1 (0x1b/0x0/0x0/0x0/0x0)
May 14 22:14:41 sec kernel: [    2.620811] snd_hda_codec_realtek hdaudioC0D0:    mono: mono_out=0x0
May 14 22:14:41 sec kernel: [    2.620812] snd_hda_codec_realtek hdaudioC0D0:    dig-out=0x11/0x0
May 14 22:14:41 sec kernel: [    2.620812] snd_hda_codec_realtek hdaudioC0D0:    inputs:
May 14 22:14:41 sec kernel: [    2.620813] snd_hda_codec_realtek hdaudioC0D0:      Front Mic=0x19
May 14 22:14:41 sec kernel: [    2.620814] snd_hda_codec_realtek hdaudioC0D0:      Rear Mic=0x18
May 14 22:14:41 sec kernel: [    2.620814] snd_hda_codec_realtek hdaudioC0D0:      Line=0x1a
May 14 22:14:41 sec kernel: [    2.638621] input: HDA Intel PCH Front Mic as /devices/pci0000:00/0000:00:1f.3/sound/card0/input7
May 14 22:14:41 sec kernel: [    2.638651] input: HDA Intel PCH Rear Mic as /devices/pci0000:00/0000:00:1f.3/sound/card0/input8
May 14 22:14:41 sec kernel: [    2.638678] input: HDA Intel PCH Line as /devices/pci0000:00/0000:00:1f.3/sound/card0/input9
May 14 22:14:41 sec kernel: [    2.638703] input: HDA Intel PCH Line Out as /devices/pci0000:00/0000:00:1f.3/sound/card0/input10
May 14 22:14:41 sec kernel: [    2.638727] input: HDA Intel PCH Front Headphone as /devices/pci0000:00/0000:00:1f.3/sound/card0/input11
May 14 22:14:41 sec kernel: [    2.638752] input: HDA Intel PCH HDMI/DP,pcm=3 as /devices/pci0000:00/0000:00:1f.3/sound/card0/input12
May 14 22:14:41 sec kernel: [    2.638777] input: HDA Intel PCH HDMI/DP,pcm=7 as /devices/pci0000:00/0000:00:1f.3/sound/card0/input13
May 14 22:14:41 sec kernel: [    2.638800] input: HDA Intel PCH HDMI/DP,pcm=8 as /devices/pci0000:00/0000:00:1f.3/sound/card0/input14
May 14 22:14:41 sec kernel: [    2.638827] input: HDA Intel PCH HDMI/DP,pcm=9 as /devices/pci0000:00/0000:00:1f.3/sound/card0/input15
May 14 22:14:41 sec kernel: [    2.638850] input: HDA Intel PCH HDMI/DP,pcm=10 as /devices/pci0000:00/0000:00:1f.3/sound/card0/input16
May 14 22:14:41 sec kernel: [    2.649143] Console: switching to colour frame buffer device 128x48
May 14 22:14:41 sec kernel: [    2.666565] i915 0000:00:02.0: fb0: inteldrmfb frame buffer device
May 14 22:14:41 sec kernel: [    2.692554] usb 1-5: reset high-speed USB device number 3 using xhci_hcd
May 14 22:14:41 sec kernel: [    2.850583] ieee80211 phy0: rt2x00_set_rt: Info - RT chipset 3070, rev 0201 detected
May 14 22:14:41 sec kernel: [    2.861195] ieee80211 phy0: rt2x00_set_rf: Info - RF chipset 0006 detected
May 14 22:14:41 sec kernel: [    2.883019] usbcore: registered new interface driver rt2800usb
May 14 22:14:41 sec NetworkManager[616]: <info>  [1526307281.8152] NetworkManager (version 1.10.6) is starting... (for the first time)
May 14 22:14:41 sec NetworkManager[616]: <info>  [1526307281.8154] Read config: /etc/NetworkManager/NetworkManager.conf (lib: no-mac-addr-change.conf)
May 14 22:14:41 sec NetworkManager[616]: <info>  [1526307281.8290] manager[0x55b5ffbc6050]: monitoring kernel firmware directory '/lib/firmware'.
May 14 22:14:41 sec NetworkManager[616]: <info>  [1526307281.8291] monitoring ifupdown state file '/run/network/ifstate'.
May 14 22:14:41 sec vboxdrv.sh: Starting VirtualBox services.
May 14 22:14:41 sec kernel: [    3.058303] vboxdrv: loading out-of-tree module taints kernel.
May 14 22:14:41 sec kernel: [    3.088385] vboxdrv: TSC mode is Invariant, tentative frequency 3599991650 Hz
May 14 22:14:42 sec NetworkManager[616]: <info>  [1526307282.0665] hostname: hostname: using hostnamed
May 14 22:14:42 sec NetworkManager[616]: <info>  [1526307282.0665] hostname: hostname changed from (none) to "sec"
May 14 22:14:42 sec NetworkManager[616]: <info>  [1526307282.0668] dns-mgr[0x55b5ffbe1130]: init: dns=default, rc-manager=resolvconf
May 14 22:14:42 sec NetworkManager[616]: <info>  [1526307282.0676] rfkill0: found WiFi radio killswitch (at /sys/devices/pci0000:00/0000:00:14.0/usb1/1-5/1-5:1.0/ieee80211/phy0/rfkill0) (driver rt2800usb)
May 14 22:14:42 sec NetworkManager[616]: <info>  [1526307282.0678] manager[0x55b5ffbc6050]: rfkill: WiFi hardware radio set enabled
May 14 22:14:42 sec NetworkManager[616]: <info>  [1526307282.0678] manager[0x55b5ffbc6050]: rfkill: WWAN hardware radio set enabled
May 14 22:14:42 sec NetworkManager[616]: <info>  [1526307282.0860] init!
May 14 22:14:42 sec NetworkManager[616]: <info>  [1526307282.0861]       interface-parser: parsing file /etc/network/interfaces
May 14 22:14:42 sec NetworkManager[616]: <info>  [1526307282.0861]       interface-parser: source line includes interfaces file(s) /etc/network/interfaces.d/*
May 14 22:14:42 sec NetworkManager[616]: <warn>  [1526307282.0861] interfaces file /etc/network/interfaces.d/* doesn't exist
May 14 22:14:42 sec NetworkManager[616]: <info>  [1526307282.0861]       interface-parser: finished parsing file /etc/network/interfaces
May 14 22:14:42 sec NetworkManager[616]: <info>  [1526307282.0861] management mode: unmanaged
May 14 22:14:42 sec NetworkManager[616]: <info>  [1526307282.0865] devices added (path: /sys/devices/pci0000:00/0000:00:14.0/usb1/1-5/1-5:1.0/net/wlan0, iface: wlan0)
May 14 22:14:42 sec NetworkManager[616]: <info>  [1526307282.0865] device added (path: /sys/devices/pci0000:00/0000:00:14.0/usb1/1-5/1-5:1.0/net/wlan0, iface: wlan0): no ifupdown configuration found.
May 14 22:14:42 sec NetworkManager[616]: <info>  [1526307282.0865] devices added (path: /sys/devices/pci0000:00/0000:00:1c.0/0000:02:00.0/net/eth0, iface: eth0)
May 14 22:14:42 sec NetworkManager[616]: <info>  [1526307282.0865] device added (path: /sys/devices/pci0000:00/0000:00:1c.0/0000:02:00.0/net/eth0, iface: eth0): no ifupdown configuration found.
May 14 22:14:42 sec NetworkManager[616]: <info>  [1526307282.0866] devices added (path: /sys/devices/virtual/net/lo, iface: lo)
May 14 22:14:42 sec NetworkManager[616]: <info>  [1526307282.0866] device added (path: /sys/devices/virtual/net/lo, iface: lo): no ifupdown configuration found.
May 14 22:14:42 sec NetworkManager[616]: <info>  [1526307282.0866] end _init.
May 14 22:14:42 sec NetworkManager[616]: <info>  [1526307282.0866] settings: loaded plugin ifupdown: (C) 2008 Canonical Ltd.  To report bugs please use the NetworkManager mailing list. (/usr/lib/x86_64-linux-gnu/NetworkManager/libnm-settings-plugin-ifupdown.so)
May 14 22:14:42 sec NetworkManager[616]: <info>  [1526307282.0866] settings: loaded plugin keyfile: (c) 2007 - 2016 Red Hat, Inc.  To report bugs please use the NetworkManager mailing list.
May 14 22:14:42 sec NetworkManager[616]: <info>  [1526307282.0866] (-4199360) ... get_connections.
May 14 22:14:42 sec NetworkManager[616]: <info>  [1526307282.0866] (-4199360) ... get_connections (managed=false): return empty list.
May 14 22:14:42 sec NetworkManager[616]: <info>  [1526307282.0944] keyfile: new connection /etc/NetworkManager/system-connections/HUAWEI-4-201_plus (5dec3102-22bd-4fbc-a84b-68a73666bcf8,"HUAWEI-4-201_plus")
May 14 22:14:42 sec NetworkManager[616]: <info>  [1526307282.1007] keyfile: new connection /etc/NetworkManager/system-connections/HUAWEI-4-201 (95b4305a-9d97-4a2f-81ed-e1ebcd462241,"HUAWEI-4-201")
May 14 22:14:42 sec NetworkManager[616]: <info>  [1526307282.1015] get unmanaged devices count: 0
May 14 22:14:42 sec NetworkManager[616]: <info>  [1526307282.1015] manager: rfkill: WiFi enabled by radio killswitch; enabled by state file
May 14 22:14:42 sec NetworkManager[616]: <info>  [1526307282.1015] manager: rfkill: WWAN enabled by radio killswitch; enabled by state file
May 14 22:14:42 sec NetworkManager[616]: <info>  [1526307282.1015] manager: Networking is enabled by state file
May 14 22:14:42 sec NetworkManager[616]: <info>  [1526307282.1016] dhcp-init: Using DHCP client 'dhclient'
May 14 22:14:42 sec NetworkManager[616]: <info>  [1526307282.1022] Loaded device plugin: NMBondDeviceFactory (internal)
May 14 22:14:42 sec NetworkManager[616]: <info>  [1526307282.1022] Loaded device plugin: NMBridgeDeviceFactory (internal)
May 14 22:14:42 sec NetworkManager[616]: <info>  [1526307282.1022] Loaded device plugin: NMDummyDeviceFactory (internal)
May 14 22:14:42 sec NetworkManager[616]: <info>  [1526307282.1022] Loaded device plugin: NMEthernetDeviceFactory (internal)
May 14 22:14:42 sec NetworkManager[616]: <info>  [1526307282.1022] Loaded device plugin: NMInfinibandDeviceFactory (internal)
May 14 22:14:42 sec NetworkManager[616]: <info>  [1526307282.1023] Loaded device plugin: NMIPTunnelDeviceFactory (internal)
May 14 22:14:42 sec NetworkManager[616]: <info>  [1526307282.1023] Loaded device plugin: NMMacsecDeviceFactory (internal)
May 14 22:14:42 sec NetworkManager[616]: <info>  [1526307282.1023] Loaded device plugin: NMMacvlanDeviceFactory (internal)
May 14 22:14:42 sec NetworkManager[616]: <info>  [1526307282.1023] Loaded device plugin: NMPppDeviceFactory (internal)
May 14 22:14:42 sec NetworkManager[616]: <info>  [1526307282.1023] Loaded device plugin: NMTunDeviceFactory (internal)
May 14 22:14:42 sec NetworkManager[616]: <info>  [1526307282.1023] Loaded device plugin: NMVethDeviceFactory (internal)
May 14 22:14:42 sec NetworkManager[616]: <info>  [1526307282.1023] Loaded device plugin: NMVlanDeviceFactory (internal)
May 14 22:14:42 sec NetworkManager[616]: <info>  [1526307282.1023] Loaded device plugin: NMVxlanDeviceFactory (internal)
May 14 22:14:42 sec NetworkManager[616]: <info>  [1526307282.1054] Loaded device plugin: NMTeamFactory (/usr/lib/x86_64-linux-gnu/NetworkManager/libnm-device-plugin-team.so)
May 14 22:14:42 sec NetworkManager[616]: <info>  [1526307282.1067] Loaded device plugin: NMWifiFactory (/usr/lib/x86_64-linux-gnu/NetworkManager/libnm-device-plugin-wifi.so)
May 14 22:14:42 sec NetworkManager[616]: <info>  [1526307282.1107] Loaded device plugin: NMBluezManager (/usr/lib/x86_64-linux-gnu/NetworkManager/libnm-device-plugin-bluetooth.so)
May 14 22:14:42 sec NetworkManager[616]: <info>  [1526307282.1117] Loaded device plugin: NMAtmManager (/usr/lib/x86_64-linux-gnu/NetworkManager/libnm-device-plugin-adsl.so)
May 14 22:14:42 sec NetworkManager[616]: <info>  [1526307282.1134] Loaded device plugin: NMWwanFactory (/usr/lib/x86_64-linux-gnu/NetworkManager/libnm-device-plugin-wwan.so)
May 14 22:14:42 sec NetworkManager[616]: <info>  [1526307282.1143] device (lo): carrier: link connected
May 14 22:14:42 sec NetworkManager[616]: <info>  [1526307282.1147] manager: (lo): new Generic device (/org/freedesktop/NetworkManager/Devices/1)
May 14 22:14:42 sec NetworkManager[616]: <info>  [1526307282.1153] manager: (eth0): new Ethernet device (/org/freedesktop/NetworkManager/Devices/2)
May 14 22:14:42 sec NetworkManager[616]: <info>  [1526307282.1159] keyfile: add connection in-memory (875aad9e-d743-3925-a93a-daaa51cb1a1a,"Wired connection 1")
May 14 22:14:42 sec NetworkManager[616]: <info>  [1526307282.1161] settings: (eth0): created default wired connection 'Wired connection 1'
May 14 22:14:42 sec NetworkManager[616]: <info>  [1526307282.1166] device (eth0): state change: unmanaged -> unavailable (reason 'managed', sys-iface-state: 'external')
May 14 22:14:42 sec kernel: [    3.263241] IPv6: ADDRCONF(NETDEV_UP): eth0: link is not ready
May 14 22:14:42 sec kernel: [    3.263920] r8169 0000:02:00.0: firmware: direct-loading firmware rtl_nic/rtl8168g-2.fw
May 14 22:14:42 sec kernel: [    3.296917] VBoxNetFlt: Successfully started.
May 14 22:14:42 sec kernel: [    3.300319] VBoxNetAdp: Successfully started.
May 14 22:14:42 sec kernel: [    3.304571] VBoxPciLinuxInit
May 14 22:14:42 sec NetworkManager[616]: <info>  [1526307282.1612] wifi-nl80211: (wlan0): using nl80211 for WiFi device control
May 14 22:14:42 sec NetworkManager[616]: <info>  [1526307282.1613] device (wlan0): driver supports Access Point (AP) mode
May 14 22:14:42 sec kernel: [    3.305503] vboxpci: IOMMU not found (not registered)
May 14 22:14:42 sec kernel: [    3.306559] r8169 0000:02:00.0 eth0: link down
May 14 22:14:42 sec kernel: [    3.306607] IPv6: ADDRCONF(NETDEV_UP): eth0: link is not ready
May 14 22:14:42 sec NetworkManager[616]: <info>  [1526307282.1618] manager: (wlan0): new 802.11 WiFi device (/org/freedesktop/NetworkManager/Devices/3)
May 14 22:14:42 sec NetworkManager[616]: <info>  [1526307282.1623] device (wlan0): state change: unmanaged -> unavailable (reason 'managed', sys-iface-state: 'external')
May 14 22:14:42 sec vboxdrv.sh: VirtualBox services started.
May 14 22:14:42 sec kernel: [    3.308885] IPv6: ADDRCONF(NETDEV_UP): wlan0: link is not ready
May 14 22:14:42 sec kernel: [    3.308912] ieee80211 phy0: rt2x00lib_request_firmware: Info - Loading firmware file 'rt2870.bin'
May 14 22:14:42 sec kernel: [    3.309276] rt2800usb 1-5:1.0: firmware: direct-loading firmware rt2870.bin
May 14 22:14:42 sec kernel: [    3.309278] ieee80211 phy0: rt2x00lib_request_firmware: Info - Firmware detected - version: 0.36
May 14 22:14:42 sec kernel: [    3.541038] IPv6: ADDRCONF(NETDEV_UP): wlan0: link is not ready
May 14 22:14:42 sec NetworkManager[616]: <info>  [1526307282.4015] device (wlan0): set-hw-addr: set MAC address to DE:6E:19:53:51:D1 (scanning)
May 14 22:14:42 sec /usr/lib/gdm3/gdm-x-session[723]: (--) Log file renamed from "/var/lib/gdm3/.local/share/xorg/Xorg.pid-725.log" to "/var/lib/gdm3/.local/share/xorg/Xorg.0.log"
May 14 22:14:42 sec /usr/lib/gdm3/gdm-x-session[723]: X.Org X Server 1.19.6
May 14 22:14:42 sec /usr/lib/gdm3/gdm-x-session[723]: Release Date: 2017-12-20
May 14 22:14:42 sec /usr/lib/gdm3/gdm-x-session[723]: X Protocol Version 11, Revision 0
May 14 22:14:42 sec /usr/lib/gdm3/gdm-x-session[723]: Build Operating System: Linux 4.9.0-5-amd64 x86_64 Debian
May 14 22:14:42 sec /usr/lib/gdm3/gdm-x-session[723]: Current Operating System: Linux sec 4.14.0-kali3-amd64 #1 SMP Debian 4.14.17-1kali1 (2018-02-16) x86_64
May 14 22:14:42 sec /usr/lib/gdm3/gdm-x-session[723]: Kernel command line: BOOT_IMAGE=/boot/vmlinuz-4.14.0-kali3-amd64 root=UUID=1def27e5-e128-4f1b-95b0-e4f6f47dadfb ro quiet
May 14 22:14:42 sec /usr/lib/gdm3/gdm-x-session[723]: Build Date: 26 January 2018  04:30:21PM
May 14 22:14:42 sec /usr/lib/gdm3/gdm-x-session[723]: xorg-server 2:1.19.6-1 (https://www.debian.org/support)
May 14 22:14:42 sec /usr/lib/gdm3/gdm-x-session[723]: Current version of pixman: 0.34.0
May 14 22:14:42 sec /usr/lib/gdm3/gdm-x-session[723]: #011Before reporting problems, check http://wiki.x.org
May 14 22:14:42 sec /usr/lib/gdm3/gdm-x-session[723]: #011to make sure that you have the latest version.
May 14 22:14:42 sec /usr/lib/gdm3/gdm-x-session[723]: Markers: (--) probed, (**) from config file, (==) default setting,
May 14 22:14:42 sec /usr/lib/gdm3/gdm-x-session[723]: #011(++) from command line, (!!) notice, (II) informational,
May 14 22:14:42 sec /usr/lib/gdm3/gdm-x-session[723]: #011(WW) warning, (EE) error, (NI) not implemented, (??) unknown.
May 14 22:14:42 sec /usr/lib/gdm3/gdm-x-session[723]: (==) Log file: "/var/lib/gdm3/.local/share/xorg/Xorg.0.log", Time: Mon May 14 22:14:42 2018
May 14 22:14:42 sec /usr/lib/gdm3/gdm-x-session[723]: (==) Using system config directory "/usr/share/X11/xorg.conf.d"
May 14 22:14:42 sec /usr/lib/gdm3/gdm-x-session[723]: (==) No Layout section.  Using the first Screen section.
May 14 22:14:42 sec /usr/lib/gdm3/gdm-x-session[723]: (==) No screen section available. Using defaults.
May 14 22:14:42 sec /usr/lib/gdm3/gdm-x-session[723]: (**) |-->Screen "Default Screen Section" (0)
May 14 22:14:42 sec /usr/lib/gdm3/gdm-x-session[723]: (**) |   |-->Monitor "<default monitor>"
May 14 22:14:42 sec /usr/lib/gdm3/gdm-x-session[723]: (==) No monitor specified for screen "Default Screen Section".
May 14 22:14:42 sec /usr/lib/gdm3/gdm-x-session[723]: #011Using a default monitor configuration.
May 14 22:14:42 sec /usr/lib/gdm3/gdm-x-session[723]: (==) Automatically adding devices
May 14 22:14:42 sec /usr/lib/gdm3/gdm-x-session[723]: (==) Automatically enabling devices
May 14 22:14:42 sec /usr/lib/gdm3/gdm-x-session[723]: (==) Automatically adding GPU devices
May 14 22:14:42 sec /usr/lib/gdm3/gdm-x-session[723]: (==) Max clients allowed: 256, resource mask: 0x1fffff
May 14 22:14:42 sec /usr/lib/gdm3/gdm-x-session[723]: (WW) The directory "/usr/share/fonts/X11/cyrillic" does not exist.
May 14 22:14:42 sec /usr/lib/gdm3/gdm-x-session[723]: #011Entry deleted from font path.
May 14 22:14:42 sec /usr/lib/gdm3/gdm-x-session[723]: (WW) The directory "/usr/share/fonts/X11/100dpi/" does not exist.
May 14 22:14:42 sec /usr/lib/gdm3/gdm-x-session[723]: #011Entry deleted from font path.
May 14 22:14:42 sec /usr/lib/gdm3/gdm-x-session[723]: (WW) The directory "/usr/share/fonts/X11/75dpi/" does not exist.
May 14 22:14:42 sec /usr/lib/gdm3/gdm-x-session[723]: #011Entry deleted from font path.
May 14 22:14:42 sec /usr/lib/gdm3/gdm-x-session[723]: (WW) The directory "/usr/share/fonts/X11/100dpi" does not exist.
May 14 22:14:42 sec /usr/lib/gdm3/gdm-x-session[723]: #011Entry deleted from font path.
May 14 22:14:42 sec /usr/lib/gdm3/gdm-x-session[723]: (WW) The directory "/usr/share/fonts/X11/75dpi" does not exist.
May 14 22:14:42 sec /usr/lib/gdm3/gdm-x-session[723]: #011Entry deleted from font path.
May 14 22:14:42 sec /usr/lib/gdm3/gdm-x-session[723]: (==) FontPath set to:
May 14 22:14:42 sec /usr/lib/gdm3/gdm-x-session[723]: #011/usr/share/fonts/X11/misc,
May 14 22:14:42 sec /usr/lib/gdm3/gdm-x-session[723]: #011/usr/share/fonts/X11/Type1,
May 14 22:14:42 sec /usr/lib/gdm3/gdm-x-session[723]: #011built-ins
May 14 22:14:42 sec /usr/lib/gdm3/gdm-x-session[723]: (==) ModulePath set to "/usr/lib/xorg/modules"
May 14 22:14:42 sec /usr/lib/gdm3/gdm-x-session[723]: (II) The server relies on udev to provide the list of input devices.
May 14 22:14:42 sec /usr/lib/gdm3/gdm-x-session[723]: #011If no devices become available, reconfigure udev or disable AutoAddDevices.
May 14 22:14:42 sec /usr/lib/gdm3/gdm-x-session[723]: (II) Loader magic: 0x561e53046de0
May 14 22:14:42 sec /usr/lib/gdm3/gdm-x-session[723]: (II) Module ABI versions:
May 14 22:14:42 sec /usr/lib/gdm3/gdm-x-session[723]: #011X.Org ANSI C Emulation: 0.4
May 14 22:14:42 sec /usr/lib/gdm3/gdm-x-session[723]: #011X.Org Video Driver: 23.0
May 14 22:14:42 sec /usr/lib/gdm3/gdm-x-session[723]: #011X.Org XInput driver : 24.1
May 14 22:14:42 sec /usr/lib/gdm3/gdm-x-session[723]: #011X.Org Server Extension : 10.0
May 14 22:14:42 sec /usr/lib/gdm3/gdm-x-session[723]: (++) using VT number 1
May 14 22:14:42 sec /usr/lib/gdm3/gdm-x-session[723]: (II) systemd-logind: took control of session /org/freedesktop/login1/session/c1
May 14 22:14:42 sec /usr/lib/gdm3/gdm-x-session[723]: (II) xfree86: Adding drm device (/dev/dri/card0)
May 14 22:14:42 sec /usr/lib/gdm3/gdm-x-session[723]: (II) systemd-logind: got fd for /dev/dri/card0 226:0 fd 12 paused 0
May 14 22:14:42 sec /usr/lib/gdm3/gdm-x-session[723]: (--) PCI:*(0:0:2:0) 8086:5912:1458:d000 rev 4, Mem @ 0xf6000000/16777216, 0xe0000000/268435456, I/O @ 0x0000f000/64, BIOS @ 0x????????/131072
May 14 22:14:42 sec /usr/lib/gdm3/gdm-x-session[723]: (II) LoadModule: "glx"
May 14 22:14:42 sec /usr/lib/gdm3/gdm-x-session[723]: (II) Loading /usr/lib/xorg/modules/extensions/libglx.so
May 14 22:14:42 sec /usr/lib/gdm3/gdm-x-session[723]: (II) Module glx: vendor="X.Org Foundation"
May 14 22:14:42 sec /usr/lib/gdm3/gdm-x-session[723]: #011compiled for 1.19.6, module version = 1.0.0
May 14 22:14:42 sec /usr/lib/gdm3/gdm-x-session[723]: #011ABI class: X.Org Server Extension, version 10.0
May 14 22:14:42 sec /usr/lib/gdm3/gdm-x-session[723]: (==) Matched modesetting as autoconfigured driver 0
May 14 22:14:42 sec /usr/lib/gdm3/gdm-x-session[723]: (==) Matched fbdev as autoconfigured driver 1
May 14 22:14:42 sec /usr/lib/gdm3/gdm-x-session[723]: (==) Matched vesa as autoconfigured driver 2
May 14 22:14:42 sec /usr/lib/gdm3/gdm-x-session[723]: (==) Assigned the driver to the xf86ConfigLayout
May 14 22:14:42 sec /usr/lib/gdm3/gdm-x-session[723]: (II) LoadModule: "modesetting"
May 14 22:14:42 sec /usr/lib/gdm3/gdm-x-session[723]: (II) Loading /usr/lib/xorg/modules/drivers/modesetting_drv.so
May 14 22:14:42 sec /usr/lib/gdm3/gdm-x-session[723]: (II) Module modesetting: vendor="X.Org Foundation"
May 14 22:14:42 sec /usr/lib/gdm3/gdm-x-session[723]: #011compiled for 1.19.6, module version = 1.19.6
May 14 22:14:42 sec /usr/lib/gdm3/gdm-x-session[723]: #011Module class: X.Org Video Driver
May 14 22:14:42 sec /usr/lib/gdm3/gdm-x-session[723]: #011ABI class: X.Org Video Driver, version 23.0
May 14 22:14:42 sec /usr/lib/gdm3/gdm-x-session[723]: (II) LoadModule: "fbdev"
May 14 22:14:42 sec /usr/lib/gdm3/gdm-x-session[723]: (II) Loading /usr/lib/xorg/modules/drivers/fbdev_drv.so
May 14 22:14:42 sec /usr/lib/gdm3/gdm-x-session[723]: (II) Module fbdev: vendor="X.Org Foundation"
May 14 22:14:42 sec /usr/lib/gdm3/gdm-x-session[723]: #011compiled for 1.19.0, module version = 0.4.4
May 14 22:14:42 sec /usr/lib/gdm3/gdm-x-session[723]: #011Module class: X.Org Video Driver
May 14 22:14:42 sec /usr/lib/gdm3/gdm-x-session[723]: #011ABI class: X.Org Video Driver, version 23.0
May 14 22:14:42 sec /usr/lib/gdm3/gdm-x-session[723]: (II) LoadModule: "vesa"
May 14 22:14:42 sec /usr/lib/gdm3/gdm-x-session[723]: (II) Loading /usr/lib/xorg/modules/drivers/vesa_drv.so
May 14 22:14:42 sec /usr/lib/gdm3/gdm-x-session[723]: (II) Module vesa: vendor="X.Org Foundation"
May 14 22:14:42 sec /usr/lib/gdm3/gdm-x-session[723]: #011compiled for 1.19.0, module version = 2.3.4
May 14 22:14:42 sec /usr/lib/gdm3/gdm-x-session[723]: #011Module class: X.Org Video Driver
May 14 22:14:42 sec /usr/lib/gdm3/gdm-x-session[723]: #011ABI class: X.Org Video Driver, version 23.0
May 14 22:14:42 sec /usr/lib/gdm3/gdm-x-session[723]: (II) modesetting: Driver for Modesetting Kernel Drivers: kms
May 14 22:14:42 sec /usr/lib/gdm3/gdm-x-session[723]: (II) FBDEV: driver for framebuffer: fbdev
May 14 22:14:42 sec /usr/lib/gdm3/gdm-x-session[723]: (II) VESA: driver for VESA chipsets: vesa
May 14 22:14:42 sec /usr/lib/gdm3/gdm-x-session[723]: xf86EnableIOPorts: failed to set IOPL for I/O (Operation not permitted)
May 14 22:14:42 sec /usr/lib/gdm3/gdm-x-session[723]: (II) modeset(0): using drv /dev/dri/card0
May 14 22:14:42 sec /usr/lib/gdm3/gdm-x-session[723]: (WW) Falling back to old probe method for fbdev
May 14 22:14:42 sec /usr/lib/gdm3/gdm-x-session[723]: (II) Loading sub module "fbdevhw"
May 14 22:14:42 sec /usr/lib/gdm3/gdm-x-session[723]: (II) LoadModule: "fbdevhw"
May 14 22:14:42 sec /usr/lib/gdm3/gdm-x-session[723]: (II) Loading /usr/lib/xorg/modules/libfbdevhw.so
May 14 22:14:42 sec /usr/lib/gdm3/gdm-x-session[723]: (II) Module fbdevhw: vendor="X.Org Foundation"
May 14 22:14:42 sec /usr/lib/gdm3/gdm-x-session[723]: #011compiled for 1.19.6, module version = 0.0.2
May 14 22:14:42 sec /usr/lib/gdm3/gdm-x-session[723]: #011ABI class: X.Org Video Driver, version 23.0
May 14 22:14:42 sec /usr/lib/gdm3/gdm-x-session[723]: (EE) open /dev/fb0: Permission denied
May 14 22:14:42 sec /usr/lib/gdm3/gdm-x-session[723]: (WW) Falling back to old probe method for vesa
May 14 22:14:42 sec /usr/lib/gdm3/gdm-x-session[723]: (WW) VGA arbiter: cannot open kernel arbiter, no multi-card support
May 14 22:14:42 sec /usr/lib/gdm3/gdm-x-session[723]: (II) modeset(0): Creating default Display subsection in Screen section
May 14 22:14:42 sec /usr/lib/gdm3/gdm-x-session[723]: #011"Default Screen Section" for depth/fbbpp 24/32
May 14 22:14:42 sec /usr/lib/gdm3/gdm-x-session[723]: (==) modeset(0): Depth 24, (==) framebuffer bpp 32
May 14 22:14:42 sec /usr/lib/gdm3/gdm-x-session[723]: (==) modeset(0): RGB weight 888
May 14 22:14:42 sec /usr/lib/gdm3/gdm-x-session[723]: (==) modeset(0): Default visual is TrueColor
May 14 22:14:42 sec /usr/lib/gdm3/gdm-x-session[723]: (II) Loading sub module "glamoregl"
May 14 22:14:42 sec /usr/lib/gdm3/gdm-x-session[723]: (II) LoadModule: "glamoregl"
